-------------------------------------------------------------------------------------------------
      name:  <unnamed>
       log:  /Users/briankovak/Dropbox/DixCarneiroKovakRodriguez/ReplicationFiles/Codes_Census/dl
> n_employment.txt
  log type:  text
 opened on:   3 May 2017, 12:15:00

. 
. *********************************************
. * Calculate regional employment in each Census year
. 
. ****************
. * 1970
. 
. use ../Data_Census/code_sample_1970, clear

. 
. * restrict sample
. keep if employed==1 // employed
(5299441 observations deleted)

. drop if indlinkn==98 // drop public admin
(551281 observations deleted)

. keep if indlinkn < . // valid industry code
(49947 observations deleted)

.                 
. * variable setup
. drop if mmc1970 == 26019 // drop Fernando de Noronha
(41 observations deleted)

. codebook mmc1970 // 412 regions

-------------------------------------------------------------------------------------------------
mmc1970                                                                               (unlabeled)
-------------------------------------------------------------------------------------------------

                  type:  numeric (float)

                 range:  [11901,53001]                units:  1
         unique values:  412                      missing .:  0/6044646

                  mean:   33020.8
              std. dev:    7998.5

           percentiles:        10%       25%       50%       75%       90%
                             23020     29003     33018     35061     43901

. tab mmc1970, gen(mmc1970flag)

    mmc1970 |      Freq.     Percent        Cum.
------------+-----------------------------------
      11901 |      7,329        0.12        0.12
      12001 |      2,440        0.04        0.16
      12002 |      2,329        0.04        0.20
      12901 |      7,848        0.13        0.33
      13002 |        650        0.01        0.34
      13003 |      3,887        0.06        0.41
      13005 |      1,303        0.02        0.43
      13011 |      1,604        0.03        0.45
      13901 |     42,545        0.70        1.16
      13904 |      5,099        0.08        1.24
      14901 |      1,981        0.03        1.27
      15001 |      5,051        0.08        1.36
      15005 |      5,914        0.10        1.46
      15006 |      4,887        0.08        1.54
      15007 |     35,581        0.59        2.12
      15011 |     11,284        0.19        2.31
      15014 |      1,684        0.03        2.34
      15018 |        155        0.00        2.34
      15901 |     46,204        0.76        3.11
      15905 |     19,019        0.31        3.42
      15909 |      3,024        0.05        3.47
      16001 |        382        0.01        3.48
      16004 |        623        0.01        3.49
      16901 |      4,338        0.07        3.56
      17001 |      5,482        0.09        3.65
      17002 |      6,366        0.11        3.76
      17003 |      4,428        0.07        3.83
      17007 |      2,765        0.05        3.87
      17901 |     13,374        0.22        4.10
      21001 |      7,947        0.13        4.23
      21002 |     15,646        0.26        4.49
      21003 |      4,979        0.08        4.57
      21004 |      5,143        0.09        4.65
      21009 |      8,961        0.15        4.80
      21012 |      8,929        0.15        4.95
      21016 |      4,455        0.07        5.02
      21017 |     12,327        0.20        5.23
      21019 |      2,749        0.05        5.27
      21020 |      2,819        0.05        5.32
      21901 |     49,453        0.82        6.14
      21902 |     41,060        0.68        6.82
      21905 |     13,668        0.23        7.04
      21908 |     11,609        0.19        7.23
      22012 |      2,082        0.03        7.27
      22014 |      2,679        0.04        7.31
      22901 |     67,653        1.12        8.43
      22902 |     26,979        0.45        8.88
      23001 |     11,289        0.19        9.07
      23003 |      3,317        0.05        9.12
      23004 |      1,441        0.02        9.14
      23006 |      5,724        0.09        9.24
      23007 |      4,377        0.07        9.31
      23009 |      2,995        0.05        9.36
      23012 |      5,425        0.09        9.45
      23018 |     12,908        0.21        9.66
      23019 |     12,628        0.21        9.87
      23020 |      7,828        0.13       10.00
      23021 |     13,800        0.23       10.23
      23022 |      4,010        0.07       10.30
      23023 |     11,431        0.19       10.49
      23024 |      3,414        0.06       10.54
      23025 |      2,710        0.04       10.59
      23026 |     10,182        0.17       10.76
      23028 |      4,262        0.07       10.83
      23030 |      3,151        0.05       10.88
      23031 |      5,139        0.09       10.96
      23032 |     16,376        0.27       11.24
      23033 |      3,631        0.06       11.30
      23901 |     32,912        0.54       11.84
      23907 |      6,531        0.11       11.95
      23909 |     76,180        1.26       13.21
      23919 |      9,462        0.16       13.36
      24002 |      3,876        0.06       13.43
      24003 |      2,149        0.04       13.46
      24005 |      3,164        0.05       13.52
      24006 |      5,030        0.08       13.60
      24007 |      3,760        0.06       13.66
      24008 |      1,903        0.03       13.69
      24009 |      3,237        0.05       13.75
      24010 |      3,232        0.05       13.80
      24011 |      3,475        0.06       13.86
      24012 |      4,972        0.08       13.94
      24013 |      2,495        0.04       13.98
      24014 |      6,806        0.11       14.09
      24015 |      9,183        0.15       14.25
      24016 |      2,941        0.05       14.29
      24017 |      6,230        0.10       14.40
      24018 |     13,511        0.22       14.62
      24019 |      3,515        0.06       14.68
      24901 |     11,841        0.20       14.88
      25001 |      6,126        0.10       14.98
      25002 |      7,881        0.13       15.11
      25003 |      8,163        0.14       15.24
      25004 |      4,243        0.07       15.31
      25005 |      5,383        0.09       15.40
      25006 |      5,743        0.10       15.50
      25007 |      5,290        0.09       15.58
      25008 |      2,515        0.04       15.63
      25011 |      2,858        0.05       15.67
      25012 |      4,486        0.07       15.75
      25013 |      4,047        0.07       15.81
      25014 |      1,729        0.03       15.84
      25015 |      6,999        0.12       15.96
      25016 |      7,185        0.12       16.08
      25017 |     14,945        0.25       16.32
      25019 |      2,814        0.05       16.37
      25020 |      4,890        0.08       16.45
      25022 |     17,278        0.29       16.74
      25023 |      2,730        0.05       16.78
      25901 |     10,541        0.17       16.96
      25909 |     11,275        0.19       17.14
      26001 |     11,753        0.19       17.34
      26002 |      7,477        0.12       17.46
      26003 |     16,880        0.28       17.74
      26004 |      7,610        0.13       17.87
      26005 |      7,126        0.12       17.98
      26006 |      4,535        0.08       18.06
      26007 |      7,242        0.12       18.18
      26008 |     33,324        0.55       18.73
      26009 |      8,637        0.14       18.87
      26010 |     14,474        0.24       19.11
      26011 |     23,840        0.39       19.51
      26012 |     12,826        0.21       19.72
      26014 |      9,603        0.16       19.88
      26015 |     25,015        0.41       20.29
      26016 |      3,508        0.06       20.35
      26018 |      6,389        0.11       20.46
      26901 |    109,531        1.81       22.27
      27001 |      4,516        0.07       22.34
      27002 |      1,360        0.02       22.37
      27003 |      6,960        0.12       22.48
      27004 |      3,496        0.06       22.54
      27007 |      1,515        0.03       22.56
      27008 |      8,675        0.14       22.71
      27009 |     13,968        0.23       22.94
      27010 |      2,152        0.04       22.97
      27011 |     19,477        0.32       23.30
      27012 |      6,784        0.11       23.41
      27013 |      4,863        0.08       23.49
      27901 |     20,489        0.34       23.83
      28001 |      4,794        0.08       23.91
      28002 |      3,349        0.06       23.96
      28003 |      2,800        0.05       24.01
      28004 |      5,436        0.09       24.10
      28005 |      4,146        0.07       24.17
      28006 |      5,230        0.09       24.25
      28007 |      4,339        0.07       24.33
      28008 |      1,603        0.03       24.35
      28009 |      1,908        0.03       24.38
      28010 |      2,300        0.04       24.42
      28011 |     11,054        0.18       24.60
      28012 |      4,901        0.08       24.69
      28013 |      3,225        0.05       24.74
      29001 |      4,402        0.07       24.81
      29002 |      4,773        0.08       24.89
      29003 |      7,616        0.13       25.02
      29005 |      4,514        0.07       25.09
      29007 |      4,892        0.08       25.17
      29008 |      9,999        0.17       25.34
      29011 |     12,980        0.21       25.55
      29013 |      3,176        0.05       25.61
      29014 |     11,115        0.18       25.79
      29015 |     12,826        0.21       26.00
      29016 |     16,916        0.28       26.28
      29017 |      9,972        0.16       26.45
      29018 |      4,402        0.07       26.52
      29019 |      7,151        0.12       26.64
      29021 |     71,545        1.18       27.82
      29026 |     15,921        0.26       28.08
      29027 |     12,392        0.21       28.29
      29028 |     22,429        0.37       28.66
      29029 |     10,432        0.17       28.83
      29030 |      8,238        0.14       28.97
      29032 |     23,201        0.38       29.35
      29901 |     17,494        0.29       29.64
      29905 |     37,648        0.62       30.27
      29907 |     64,110        1.06       31.33
      29916 |     12,914        0.21       31.54
      29917 |     75,294        1.25       32.79
      31001 |      5,132        0.08       32.87
      31002 |      8,935        0.15       33.02
      31005 |      9,265        0.15       33.17
      31006 |      5,037        0.08       33.25
      31008 |      2,698        0.04       33.30
      31009 |      2,940        0.05       33.35
      31010 |      4,018        0.07       33.41
      31011 |      8,196        0.14       33.55
      31012 |      8,710        0.14       33.69
      31013 |      4,145        0.07       33.76
      31014 |      9,772        0.16       33.92
      31015 |     17,503        0.29       34.21
      31016 |      8,315        0.14       34.35
      31017 |      9,070        0.15       34.50
      31018 |     17,637        0.29       34.79
      31019 |      7,165        0.12       34.91
      31020 |     10,564        0.17       35.09
      31021 |      9,917        0.16       35.25
      31022 |     10,993        0.18       35.43
      31023 |      7,551        0.12       35.56
      31024 |      4,476        0.07       35.63
      31025 |      7,311        0.12       35.75
      31026 |      6,994        0.12       35.87
      31027 |     10,675        0.18       36.04
      31028 |      5,386        0.09       36.13
      31029 |      3,298        0.05       36.19
      31030 |    107,094        1.77       37.96
      31031 |     16,047        0.27       38.23
      31032 |      3,443        0.06       38.28
      31033 |      5,883        0.10       38.38
      31034 |      6,572        0.11       38.49
      31035 |      7,250        0.12       38.61
      31036 |      6,765        0.11       38.72
      31037 |     22,851        0.38       39.10
      31038 |      5,518        0.09       39.19
      31039 |     11,962        0.20       39.39
      31040 |     13,787        0.23       39.62
      31041 |     12,894        0.21       39.83
      31042 |      4,533        0.07       39.90
      31043 |     12,346        0.20       40.11
      31044 |      6,889        0.11       40.22
      31045 |      4,928        0.08       40.30
      31046 |      6,088        0.10       40.40
      31047 |      9,601        0.16       40.56
      31048 |     10,683        0.18       40.74
      31049 |      8,244        0.14       40.88
      31050 |     14,396        0.24       41.11
      31051 |     13,121        0.22       41.33
      31052 |     10,066        0.17       41.50
      31053 |      6,140        0.10       41.60
      31054 |      9,193        0.15       41.75
      31055 |      4,511        0.07       41.83
      31056 |      8,235        0.14       41.96
      31057 |      5,784        0.10       42.06
      31058 |      6,918        0.11       42.17
      31059 |      8,232        0.14       42.31
      31060 |     12,118        0.20       42.51
      31061 |     10,552        0.17       42.68
      31062 |      9,310        0.15       42.84
      31063 |     12,866        0.21       43.05
      31064 |     12,517        0.21       43.26
      31065 |     26,518        0.44       43.70
      31066 |     10,716        0.18       43.87
      31901 |     40,906        0.68       44.55
      32001 |      6,843        0.11       44.66
      32003 |      9,597        0.16       44.82
      32004 |      2,825        0.05       44.87
      32005 |      3,864        0.06       44.93
      32007 |      5,773        0.10       45.03
      32008 |      4,831        0.08       45.11
      32009 |     21,510        0.36       45.46
      32010 |      4,222        0.07       45.53
      32011 |      7,419        0.12       45.66
      32012 |     12,907        0.21       45.87
      32013 |      2,410        0.04       45.91
      32901 |     13,860        0.23       46.14
      33002 |      6,684        0.11       46.25
      33004 |      4,472        0.07       46.32
      33005 |      5,721        0.09       46.42
      33007 |      8,974        0.15       46.57
      33009 |      2,263        0.04       46.60
      33010 |      8,301        0.14       46.74
      33011 |     20,193        0.33       47.08
      33012 |      6,525        0.11       47.18
      33013 |      3,486        0.06       47.24
      33014 |      6,705        0.11       47.35
      33015 |     20,387        0.34       47.69
      33016 |      4,137        0.07       47.76
      33017 |      3,970        0.07       47.82
      33018 |    445,318        7.37       55.19
      33901 |     33,091        0.55       55.74
      33905 |      5,279        0.09       55.83
      35001 |     10,405        0.17       56.00
      35002 |      5,860        0.10       56.10
      35003 |      6,456        0.11       56.20
      35004 |     22,273        0.37       56.57
      35005 |      8,571        0.14       56.71
      35006 |      3,361        0.06       56.77
      35007 |      3,873        0.06       56.83
      35008 |      4,095        0.07       56.90
      35009 |      5,507        0.09       56.99
      35010 |      9,411        0.16       57.15
      35011 |      4,953        0.08       57.23
      35012 |     10,672        0.18       57.40
      35013 |     14,440        0.24       57.64
      35014 |     27,752        0.46       58.10
      35015 |      4,339        0.07       58.17
      35016 |     12,370        0.20       58.38
      35017 |     10,348        0.17       58.55
      35018 |      9,641        0.16       58.71
      35019 |      7,246        0.12       58.83
      35020 |     19,305        0.32       59.15
      35021 |     12,287        0.20       59.35
      35022 |      6,562        0.11       59.46
      35023 |      6,654        0.11       59.57
      35024 |     14,736        0.24       59.81
      35025 |      9,322        0.15       59.97
      35026 |      7,199        0.12       60.09
      35027 |     16,365        0.27       60.36
      35028 |     16,094        0.27       60.63
      35029 |      5,691        0.09       60.72
      35030 |     18,199        0.30       61.02
      35033 |      6,684        0.11       61.13
      35034 |      6,846        0.11       61.24
      35035 |     12,056        0.20       61.44
      35036 |     26,840        0.44       61.89
      35037 |      6,459        0.11       61.99
      35038 |     15,077        0.25       62.24
      35039 |     12,718        0.21       62.45
      35040 |     13,870        0.23       62.68
      35041 |      9,477        0.16       62.84
      35042 |      5,480        0.09       62.93
      35043 |      5,533        0.09       63.02
      35044 |      5,672        0.09       63.12
      35045 |      6,228        0.10       63.22
      35046 |     24,962        0.41       63.63
      35047 |     14,464        0.24       63.87
      35048 |     13,897        0.23       64.10
      35049 |      2,188        0.04       64.14
      35050 |     25,624        0.42       64.56
      35051 |     12,259        0.20       64.76
      35052 |      1,668        0.03       64.79
      35053 |      3,995        0.07       64.86
      35054 |      3,179        0.05       64.91
      35055 |      8,378        0.14       65.05
      35056 |      2,768        0.05       65.10
      35057 |     29,784        0.49       65.59
      35058 |      4,759        0.08       65.67
      35059 |     18,768        0.31       65.98
      35060 |      8,935        0.15       66.13
      35061 |    563,900        9.33       75.45
      35062 |     21,058        0.35       75.80
      35063 |     40,221        0.67       76.47
      35901 |     57,129        0.95       77.41
      41001 |     19,128        0.32       77.73
      41002 |     30,764        0.51       78.24
      41003 |     12,603        0.21       78.45
      41006 |     14,608        0.24       78.69
      41007 |      8,698        0.14       78.83
      41008 |      5,154        0.09       78.92
      41009 |     13,462        0.22       79.14
      41010 |     13,780        0.23       79.37
      41011 |     23,901        0.40       79.76
      41012 |      6,887        0.11       79.88
      41014 |      8,000        0.13       80.01
      41015 |     17,182        0.28       80.29
      41016 |      9,159        0.15       80.45
      41017 |      5,375        0.09       80.53
      41018 |      7,826        0.13       80.66
      41019 |      7,748        0.13       80.79
      41020 |      3,568        0.06       80.85
      41021 |     11,929        0.20       81.05
      41027 |      8,074        0.13       81.18
      41029 |     11,823        0.20       81.38
      41030 |      3,444        0.06       81.44
      41031 |      6,132        0.10       81.54
      41032 |      4,537        0.08       81.61
      41033 |      4,669        0.08       81.69
      41034 |      3,215        0.05       81.74
      41035 |      1,863        0.03       81.77
      41036 |      2,272        0.04       81.81
      41037 |     55,810        0.92       82.73
      41038 |      6,761        0.11       82.85
      41039 |      3,347        0.06       82.90
      41901 |     53,676        0.89       83.79
      41917 |     51,528        0.85       84.64
      41918 |     20,971        0.35       84.99
      42001 |      8,142        0.13       85.12
      42002 |     14,782        0.24       85.37
      42003 |      5,603        0.09       85.46
      42005 |      7,229        0.12       85.58
      42007 |      2,429        0.04       85.62
      42008 |     14,374        0.24       85.86
      42010 |     13,273        0.22       86.08
      42011 |      8,999        0.15       86.23
      42012 |     18,528        0.31       86.53
      42013 |      7,510        0.12       86.66
      42014 |      3,396        0.06       86.71
      42015 |      3,712        0.06       86.77
      42016 |     12,322        0.20       86.98
      42017 |      1,535        0.03       87.00
      42018 |     13,589        0.22       87.23
      42019 |      6,978        0.12       87.34
      42020 |      7,375        0.12       87.47
      42901 |     28,366        0.47       87.94
      43035 |     10,275        0.17       88.11
      43901 |    429,401        7.10       95.21
      43902 |     19,986        0.33       95.54
      50001 |        706        0.01       95.55
      50008 |        832        0.01       95.57
      50901 |      4,802        0.08       95.64
      50902 |     24,655        0.41       96.05
      51015 |      2,219        0.04       96.09
      51022 |      2,268        0.04       96.13
      51901 |     67,215        1.11       97.24
      52001 |      3,003        0.05       97.29
      52002 |      5,348        0.09       97.38
      52003 |      2,220        0.04       97.41
      52004 |      8,684        0.14       97.56
      52005 |      1,861        0.03       97.59
      52008 |      4,305        0.07       97.66
      52009 |      6,467        0.11       97.77
      52010 |     28,880        0.48       98.24
      52011 |      2,692        0.04       98.29
      52012 |     10,325        0.17       98.46
      52013 |     11,752        0.19       98.65
      52014 |      4,656        0.08       98.73
      52015 |     14,391        0.24       98.97
      52016 |      4,379        0.07       99.04
      52017 |      5,685        0.09       99.14
      52018 |      5,880        0.10       99.23
      52901 |     30,777        0.51       99.74
      53001 |     15,596        0.26      100.00
------------+-----------------------------------
      Total |  6,044,646      100.00

. gen all = 1

. 
. * calculate regional totals for each group and associated standard errors
. foreach v in all {
  2.   gen z_`v' = xweighti * `v'
  3.   bysort year mmc1970: egen zbar_`v' = mean(z_`v')
  4.   gen se_element_`v' = (z_`v' - zbar_`v')^2
  5. }
(6 missing values generated)
(6 missing values generated)

. gen one = 1

. collapse (sum) all ///
>          (rawsum) se_sum_all = se_element_all ///
>                       obs=one ///
>          [pw=xweighti], by(mmc1970 year)

. foreach v in all {
  2.   gen se_`v' = sqrt((obs/(obs-1))*se_sum_`v')
  3.   drop se_sum_`v'
  4. }

. drop obs

. 
. * save counts and standard errors
. reshape wide all ///
>              se_all ///
>                          , i(mmc1970) j(year)
(note: j = 1970)

Data                               long   ->   wide
-----------------------------------------------------------------------------
Number of obs.                      412   ->     412
Number of variables                   4   ->       3
j variable (1 values)              year   ->   (dropped)
xij variables:
                                    all   ->   all1970
                                 se_all   ->   se_all1970
-----------------------------------------------------------------------------

. sort mmc1970

. save employment_1970, replace
(note: file employment_1970.dta not found)
file employment_1970.dta saved

. 
. ****************
. * 1980
. 
. use ../Data_Census/code_sample_1980, clear

. 
. * restrict sample
. keep if employed==1 // employed
(6126135 observations deleted)

. drop if indlinkn==98 // drop public admin
(882060 observations deleted)

. keep if indlinkn < . // valid industry code
(891 observations deleted)

.                 
. * variable setup
. * Fernando de Noronha does not appear in 1980
. codebook mmc1970 // 412 regions

-------------------------------------------------------------------------------------------------
mmc1970                                                                               (unlabeled)
-------------------------------------------------------------------------------------------------

                  type:  numeric (float)

                 range:  [11901,53001]                units:  1
         unique values:  412                      missing .:  0/8064336

                  mean:   33423.9
              std. dev:   8145.46

           percentiles:        10%       25%       50%       75%       90%
                             23023     29026     33018     35062     43901

. tab mmc1970, gen(mmc1970flag)

    mmc1970 |      Freq.     Percent        Cum.
------------+-----------------------------------
      11901 |     30,354        0.38        0.38
      12001 |      2,651        0.03        0.41
      12002 |      2,212        0.03        0.44
      12901 |     10,691        0.13        0.57
      13002 |        610        0.01        0.58
      13003 |      4,888        0.06        0.64
      13005 |      1,631        0.02        0.66
      13011 |      1,610        0.02        0.68
      13901 |     66,340        0.82        1.50
      13904 |      5,605        0.07        1.57
      14901 |      4,025        0.05        1.62
      15001 |      5,908        0.07        1.69
      15005 |      6,181        0.08        1.77
      15006 |      4,372        0.05        1.82
      15007 |     61,828        0.77        2.59
      15011 |     13,662        0.17        2.76
      15014 |      3,018        0.04        2.80
      15018 |        307        0.00        2.80
      15901 |     73,823        0.92        3.72
      15905 |     21,468        0.27        3.98
      15909 |      7,246        0.09        4.07
      16001 |        440        0.01        4.08
      16004 |      1,167        0.01        4.09
      16901 |      6,919        0.09        4.18
      17001 |      6,408        0.08        4.26
      17002 |      9,058        0.11        4.37
      17003 |      6,067        0.08        4.45
      17007 |      2,510        0.03        4.48
      17901 |     16,124        0.20        4.68
      21001 |      9,243        0.11        4.79
      21002 |     26,239        0.33        5.12
      21003 |      6,507        0.08        5.20
      21004 |      6,676        0.08        5.28
      21009 |     16,688        0.21        5.49
      21012 |     10,594        0.13        5.62
      21016 |      3,899        0.05        5.67
      21017 |     17,378        0.22        5.88
      21019 |      2,935        0.04        5.92
      21020 |      3,226        0.04        5.96
      21901 |     66,654        0.83        6.78
      21902 |     47,219        0.59        7.37
      21905 |     15,811        0.20        7.57
      21908 |     13,211        0.16        7.73
      22012 |      2,858        0.04        7.77
      22014 |      1,738        0.02        7.79
      22901 |     77,875        0.97        8.75
      22902 |     23,838        0.30        9.05
      23001 |     11,741        0.15        9.19
      23003 |      2,769        0.03        9.23
      23004 |      1,447        0.02        9.25
      23006 |      5,598        0.07        9.32
      23007 |      2,777        0.03        9.35
      23009 |      2,772        0.03        9.38
      23012 |      4,041        0.05        9.43
      23018 |      9,351        0.12        9.55
      23019 |      8,164        0.10        9.65
      23020 |      5,169        0.06        9.72
      23021 |     10,225        0.13        9.84
      23022 |      4,403        0.05        9.90
      23023 |     10,075        0.12       10.02
      23024 |      1,854        0.02       10.05
      23025 |      1,952        0.02       10.07
      23026 |      7,937        0.10       10.17
      23028 |      1,324        0.02       10.18
      23030 |      1,966        0.02       10.21
      23031 |      3,057        0.04       10.25
      23032 |     18,668        0.23       10.48
      23033 |      3,196        0.04       10.52
      23901 |     31,212        0.39       10.90
      23907 |      6,109        0.08       10.98
      23909 |    122,779        1.52       12.50
      23919 |      5,922        0.07       12.58
      24002 |      2,686        0.03       12.61
      24003 |        849        0.01       12.62
      24005 |      1,534        0.02       12.64
      24006 |      3,476        0.04       12.68
      24007 |      2,196        0.03       12.71
      24008 |      1,678        0.02       12.73
      24009 |      1,734        0.02       12.75
      24010 |      1,728        0.02       12.77
      24011 |      3,101        0.04       12.81
      24012 |      4,901        0.06       12.87
      24013 |      1,881        0.02       12.90
      24014 |      4,144        0.05       12.95
      24015 |      8,714        0.11       13.06
      24016 |      2,628        0.03       13.09
      24017 |      6,875        0.09       13.17
      24018 |     26,256        0.33       13.50
      24019 |      3,818        0.05       13.55
      24901 |     12,965        0.16       13.71
      25001 |      4,411        0.05       13.76
      25002 |      5,768        0.07       13.83
      25003 |      6,941        0.09       13.92
      25004 |      4,718        0.06       13.98
      25005 |      2,075        0.03       14.00
      25006 |      2,179        0.03       14.03
      25007 |      3,208        0.04       14.07
      25008 |      1,579        0.02       14.09
      25011 |      2,239        0.03       14.12
      25012 |      4,931        0.06       14.18
      25013 |      4,318        0.05       14.23
      25014 |      2,364        0.03       14.26
      25015 |      6,197        0.08       14.34
      25016 |      7,438        0.09       14.43
      25017 |     19,245        0.24       14.67
      25019 |      3,013        0.04       14.71
      25020 |      5,066        0.06       14.77
      25022 |     26,576        0.33       15.10
      25023 |      2,741        0.03       15.13
      25901 |      7,297        0.09       15.22
      25909 |     11,881        0.15       15.37
      26001 |     12,050        0.15       15.52
      26002 |      6,393        0.08       15.60
      26003 |     10,117        0.13       15.73
      26004 |      6,892        0.09       15.81
      26005 |     10,260        0.13       15.94
      26006 |      5,691        0.07       16.01
      26007 |      7,368        0.09       16.10
      26008 |     34,959        0.43       16.53
      26009 |      9,053        0.11       16.65
      26010 |     13,131        0.16       16.81
      26011 |     21,601        0.27       17.08
      26012 |     12,942        0.16       17.24
      26014 |     10,102        0.13       17.36
      26015 |     26,850        0.33       17.69
      26016 |      4,307        0.05       17.75
      26018 |      8,229        0.10       17.85
      26901 |    156,950        1.95       19.80
      27001 |      4,393        0.05       19.85
      27002 |      1,902        0.02       19.87
      27003 |      7,050        0.09       19.96
      27004 |      3,906        0.05       20.01
      27007 |      1,631        0.02       20.03
      27008 |      7,706        0.10       20.13
      27009 |     15,254        0.19       20.32
      27010 |      2,154        0.03       20.34
      27011 |     27,945        0.35       20.69
      27012 |      9,581        0.12       20.81
      27013 |      4,347        0.05       20.86
      27901 |     24,301        0.30       21.16
      28001 |      5,521        0.07       21.23
      28002 |      3,054        0.04       21.27
      28003 |      2,707        0.03       21.30
      28004 |      6,376        0.08       21.38
      28005 |      4,265        0.05       21.43
      28006 |      4,496        0.06       21.49
      28007 |      3,929        0.05       21.54
      28008 |      1,849        0.02       21.56
      28009 |      1,799        0.02       21.58
      28010 |      2,295        0.03       21.61
      28011 |     18,979        0.24       21.85
      28012 |      5,736        0.07       21.92
      28013 |      3,968        0.05       21.97
      29001 |      5,552        0.07       22.04
      29002 |      4,693        0.06       22.10
      29003 |      8,265        0.10       22.20
      29005 |      5,513        0.07       22.27
      29007 |      6,045        0.07       22.34
      29008 |     11,638        0.14       22.49
      29011 |     12,907        0.16       22.65
      29013 |      3,678        0.05       22.69
      29014 |     12,430        0.15       22.85
      29015 |     14,003        0.17       23.02
      29016 |     18,441        0.23       23.25
      29017 |     11,192        0.14       23.39
      29018 |      3,584        0.04       23.43
      29019 |      8,285        0.10       23.53
      29021 |    118,163        1.47       25.00
      29026 |     16,481        0.20       25.20
      29027 |     11,381        0.14       25.34
      29028 |     26,021        0.32       25.67
      29029 |      9,619        0.12       25.79
      29030 |     11,046        0.14       25.92
      29032 |     24,363        0.30       26.23
      29901 |     21,493        0.27       26.49
      29905 |     40,462        0.50       26.99
      29907 |     66,001        0.82       27.81
      29916 |     13,128        0.16       27.97
      29917 |     88,490        1.10       29.07
      31001 |      6,875        0.09       29.16
      31002 |      9,944        0.12       29.28
      31005 |      9,155        0.11       29.39
      31006 |      6,433        0.08       29.47
      31008 |      2,629        0.03       29.51
      31009 |      2,825        0.04       29.54
      31010 |      3,536        0.04       29.59
      31011 |      8,660        0.11       29.69
      31012 |      7,434        0.09       29.79
      31013 |      4,352        0.05       29.84
      31014 |      8,617        0.11       29.95
      31015 |     14,481        0.18       30.13
      31016 |      7,230        0.09       30.22
      31017 |      8,714        0.11       30.32
      31018 |     31,133        0.39       30.71
      31019 |      8,990        0.11       30.82
      31020 |     12,522        0.16       30.98
      31021 |     10,062        0.12       31.10
      31022 |     16,878        0.21       31.31
      31023 |      9,398        0.12       31.43
      31024 |      4,728        0.06       31.49
      31025 |      8,075        0.10       31.59
      31026 |      7,931        0.10       31.68
      31027 |     14,224        0.18       31.86
      31028 |      4,706        0.06       31.92
      31029 |      4,664        0.06       31.98
      31030 |    196,415        2.44       34.41
      31031 |     16,677        0.21       34.62
      31032 |      3,374        0.04       34.66
      31033 |      7,096        0.09       34.75
      31034 |     10,945        0.14       34.88
      31035 |      6,355        0.08       34.96
      31036 |      4,983        0.06       35.02
      31037 |     21,426        0.27       35.29
      31038 |      3,952        0.05       35.34
      31039 |     23,715        0.29       35.63
      31040 |     12,790        0.16       35.79
      31041 |      9,413        0.12       35.91
      31042 |      4,951        0.06       35.97
      31043 |     17,557        0.22       36.19
      31044 |      8,107        0.10       36.29
      31045 |      6,074        0.08       36.36
      31046 |      6,984        0.09       36.45
      31047 |     11,633        0.14       36.59
      31048 |     14,865        0.18       36.78
      31049 |     10,858        0.13       36.91
      31050 |     20,981        0.26       37.17
      31051 |     18,015        0.22       37.40
      31052 |     13,197        0.16       37.56
      31053 |      7,178        0.09       37.65
      31054 |     10,325        0.13       37.78
      31055 |      5,198        0.06       37.84
      31056 |      9,353        0.12       37.96
      31057 |      6,716        0.08       38.04
      31058 |      9,689        0.12       38.16
      31059 |      9,881        0.12       38.28
      31060 |     12,230        0.15       38.44
      31061 |     11,794        0.15       38.58
      31062 |      9,786        0.12       38.70
      31063 |     14,511        0.18       38.88
      31064 |     12,231        0.15       39.04
      31065 |     34,848        0.43       39.47
      31066 |     12,042        0.15       39.62
      31901 |     45,667        0.57       40.18
      32001 |      5,475        0.07       40.25
      32003 |     10,911        0.14       40.39
      32004 |      3,181        0.04       40.43
      32005 |      4,890        0.06       40.49
      32007 |      6,377        0.08       40.57
      32008 |      5,186        0.06       40.63
      32009 |     49,191        0.61       41.24
      32010 |      5,763        0.07       41.31
      32011 |      7,175        0.09       41.40
      32012 |     15,059        0.19       41.59
      32013 |      2,765        0.03       41.62
      32901 |     18,546        0.23       41.85
      33002 |      6,158        0.08       41.93
      33004 |      5,418        0.07       41.99
      33005 |      7,362        0.09       42.09
      33007 |     11,822        0.15       42.23
      33009 |      2,308        0.03       42.26
      33010 |     11,924        0.15       42.41
      33011 |     32,438        0.40       42.81
      33012 |      8,702        0.11       42.92
      33013 |      4,916        0.06       42.98
      33014 |      7,550        0.09       43.07
      33015 |     27,717        0.34       43.42
      33016 |      4,689        0.06       43.48
      33017 |      6,922        0.09       43.56
      33018 |    645,275        8.00       51.56
      33901 |     35,822        0.44       52.01
      33905 |      4,629        0.06       52.06
      35001 |      9,654        0.12       52.18
      35002 |      6,545        0.08       52.27
      35003 |      7,730        0.10       52.36
      35004 |     32,951        0.41       52.77
      35005 |     11,156        0.14       52.91
      35006 |      2,850        0.04       52.94
      35007 |      4,018        0.05       52.99
      35008 |      5,356        0.07       53.06
      35009 |      6,761        0.08       53.14
      35010 |     10,753        0.13       53.28
      35011 |      5,101        0.06       53.34
      35012 |     16,360        0.20       53.54
      35013 |     20,279        0.25       53.79
      35014 |     41,747        0.52       54.31
      35015 |      6,062        0.08       54.39
      35016 |     10,135        0.13       54.51
      35017 |     12,803        0.16       54.67
      35018 |     12,528        0.16       54.83
      35019 |      8,799        0.11       54.94
      35020 |     25,359        0.31       55.25
      35021 |     16,686        0.21       55.46
      35022 |      7,225        0.09       55.55
      35023 |      8,599        0.11       55.65
      35024 |     22,334        0.28       55.93
      35025 |     13,591        0.17       56.10
      35026 |     10,685        0.13       56.23
      35027 |     24,657        0.31       56.54
      35028 |     24,334        0.30       56.84
      35029 |      8,118        0.10       56.94
      35030 |     22,735        0.28       57.22
      35033 |      9,233        0.11       57.34
      35034 |      7,247        0.09       57.43
      35035 |     12,080        0.15       57.58
      35036 |     29,344        0.36       57.94
      35037 |      7,583        0.09       58.03
      35038 |     17,775        0.22       58.25
      35039 |     12,544        0.16       58.41
      35040 |     14,918        0.18       58.59
      35041 |     12,361        0.15       58.75
      35042 |      7,840        0.10       58.85
      35043 |      8,239        0.10       58.95
      35044 |      7,546        0.09       59.04
      35045 |      7,856        0.10       59.14
      35046 |     44,960        0.56       59.70
      35047 |     26,635        0.33       60.03
      35048 |     18,929        0.23       60.26
      35049 |      2,895        0.04       60.30
      35050 |     51,792        0.64       60.94
      35051 |     17,998        0.22       61.16
      35052 |      1,476        0.02       61.18
      35053 |      3,792        0.05       61.23
      35054 |      6,135        0.08       61.30
      35055 |     10,775        0.13       61.44
      35056 |      4,571        0.06       61.49
      35057 |     66,063        0.82       62.31
      35058 |      9,172        0.11       62.43
      35059 |     45,136        0.56       62.99
      35060 |     27,314        0.34       63.33
      35061 |    904,551       11.22       74.54
      35062 |     37,397        0.46       75.01
      35063 |     71,293        0.88       75.89
      35901 |    116,896        1.45       77.34
      41001 |     17,555        0.22       77.56
      41002 |     23,809        0.30       77.85
      41003 |      8,969        0.11       77.96
      41006 |     12,184        0.15       78.11
      41007 |      7,349        0.09       78.21
      41008 |      2,709        0.03       78.24
      41009 |     18,716        0.23       78.47
      41010 |     14,470        0.18       78.65
      41011 |     32,994        0.41       79.06
      41012 |      4,949        0.06       79.12
      41014 |      6,174        0.08       79.20
      41015 |     13,343        0.17       79.36
      41016 |      8,298        0.10       79.47
      41017 |      4,905        0.06       79.53
      41018 |      7,115        0.09       79.62
      41019 |      8,549        0.11       79.72
      41020 |      3,896        0.05       79.77
      41021 |     17,757        0.22       79.99
      41027 |      9,966        0.12       80.11
      41029 |     19,571        0.24       80.36
      41030 |      4,382        0.05       80.41
      41031 |      6,053        0.08       80.49
      41032 |      5,116        0.06       80.55
      41033 |      5,962        0.07       80.62
      41034 |      2,829        0.04       80.66
      41035 |      1,881        0.02       80.68
      41036 |      2,396        0.03       80.71
      41037 |    108,166        1.34       82.05
      41038 |      8,322        0.10       82.16
      41039 |      3,416        0.04       82.20
      41901 |     47,965        0.59       82.79
      41917 |     64,553        0.80       83.59
      41918 |     24,852        0.31       83.90
      42001 |     12,616        0.16       84.06
      42002 |     20,213        0.25       84.31
      42003 |      7,526        0.09       84.40
      42005 |      8,027        0.10       84.50
      42007 |      5,088        0.06       84.56
      42008 |     28,332        0.35       84.92
      42010 |     14,895        0.18       85.10
      42011 |     11,888        0.15       85.25
      42012 |     29,148        0.36       85.61
      42013 |     12,365        0.15       85.76
      42014 |      3,264        0.04       85.80
      42015 |      3,995        0.05       85.85
      42016 |     22,376        0.28       86.13
      42017 |      1,882        0.02       86.15
      42018 |     15,911        0.20       86.35
      42019 |     13,541        0.17       86.52
      42020 |      7,494        0.09       86.61
      42901 |     32,743        0.41       87.02
      43035 |     15,260        0.19       87.21
      43901 |    573,302        7.11       94.32
      43902 |     21,085        0.26       94.58
      50001 |      5,996        0.07       94.65
      50008 |      3,459        0.04       94.69
      50901 |      8,492        0.11       94.80
      50902 |     70,215        0.87       95.67
      51015 |      2,055        0.03       95.70
      51022 |      1,035        0.01       95.71
      51901 |     64,276        0.80       96.51
      52001 |      3,801        0.05       96.55
      52002 |      5,589        0.07       96.62
      52003 |      3,001        0.04       96.66
      52004 |     12,193        0.15       96.81
      52005 |      2,278        0.03       96.84
      52008 |      4,467        0.06       96.89
      52009 |      6,649        0.08       96.98
      52010 |     61,956        0.77       97.75
      52011 |      3,530        0.04       97.79
      52012 |     15,454        0.19       97.98
      52013 |     15,344        0.19       98.17
      52014 |      5,259        0.07       98.24
      52015 |     16,895        0.21       98.45
      52016 |      4,219        0.05       98.50
      52017 |      5,973        0.07       98.57
      52018 |      5,882        0.07       98.64
      52901 |     34,577        0.43       99.07
      53001 |     74,701        0.93      100.00
------------+-----------------------------------
      Total |  8,064,336      100.00

. gen all = 1

. 
. * calculate regional totals for each group and associated standard errors
. foreach v in all prev_formemp {
  2.   gen z_`v' = xweighti * `v'
  3.   bysort year mmc1970: egen zbar_`v' = mean(z_`v')
  4.   gen se_element_`v' = (z_`v' - zbar_`v')^2
  5. }

. gen one = 1

. collapse (sum) all prev_formemp ///
>          (rawsum) se_sum_all = se_element_all ///
>                       se_sum_prev_formemp=se_element_prev_formemp ///
>                       obs=one ///
>          [pw=xweighti], by(mmc1970 year)

. foreach v in all prev_formemp {
  2.   gen se_`v' = sqrt((obs/(obs-1))*se_sum_`v')
  3.   drop se_sum_`v'
  4. }

. drop obs

. 
. * save counts and standard errors
. reshape wide all prev_formemp ///
>              se_all se_prev_formemp ///
>                          , i(mmc1970) j(year)
(note: j = 1980)

Data                               long   ->   wide
-----------------------------------------------------------------------------
Number of obs.                      412   ->     412
Number of variables                   6   ->       5
j variable (1 values)              year   ->   (dropped)
xij variables:
                                    all   ->   all1980
                           prev_formemp   ->   prev_formemp1980
                                 se_all   ->   se_all1980
                        se_prev_formemp   ->   se_prev_formemp1980
-----------------------------------------------------------------------------

. sort mmc1970

. save employment_1980, replace
(note: file employment_1980.dta not found)
file employment_1980.dta saved

. 
. ****************
. * 1991
. 
. use ../Data_Census/code_sample if year==1991, clear

. 
. * restrict sample
. keep if employed==1 // employed
(3458775 observations deleted)

. drop if indlinkn==98 // drop public admin
(656923 observations deleted)

. keep if indlinkn < . // valid industry code
(10971 observations deleted)

.                 
. * variable setup
. drop if mmc1970 == 26019 // Fernando de Noronha - ensures same # of MMC1970 in 1980 and later
(67 observations deleted)

. codebook mmc1970 // 412 regions

-------------------------------------------------------------------------------------------------
mmc1970                                                                               (unlabeled)
-------------------------------------------------------------------------------------------------

                  type:  numeric (float)

                 range:  [11901,53001]                units:  1
         unique values:  412                      missing .:  0/4943739

                  mean:   33574.3
              std. dev:   8586.62

           percentiles:        10%       25%       50%       75%       90%
                             23020     29021     33018     35901     43901

. tab mmc1970, gen(mmc1970flag)

    mmc1970 |      Freq.     Percent        Cum.
------------+-----------------------------------
      11901 |     31,666        0.64        0.64
      12001 |      1,517        0.03        0.67
      12002 |        872        0.02        0.69
      12901 |      7,117        0.14        0.83
      13002 |        842        0.02        0.85
      13003 |      3,158        0.06        0.91
      13005 |      1,499        0.03        0.94
      13011 |        991        0.02        0.96
      13901 |     42,651        0.86        1.83
      13904 |      3,395        0.07        1.90
      14901 |      5,072        0.10        2.00
      15001 |      2,667        0.05        2.05
      15005 |      2,984        0.06        2.11
      15006 |      2,992        0.06        2.17
      15007 |     37,839        0.77        2.94
      15011 |      6,908        0.14        3.08
      15014 |      3,762        0.08        3.15
      15018 |      2,693        0.05        3.21
      15901 |     47,976        0.97        4.18
      15905 |     11,797        0.24        4.42
      15909 |      6,790        0.14        4.56
      16001 |        417        0.01        4.56
      16004 |        703        0.01        4.58
      16901 |      5,017        0.10        4.68
      17001 |      4,377        0.09        4.77
      17002 |      5,797        0.12        4.88
      17003 |      4,883        0.10        4.98
      17007 |      1,702        0.03        5.02
      17901 |     15,650        0.32        5.33
      21001 |      4,481        0.09        5.43
      21002 |     18,455        0.37        5.80
      21003 |      2,915        0.06        5.86
      21004 |      2,267        0.05        5.90
      21009 |     10,855        0.22        6.12
      21012 |      4,628        0.09        6.22
      21016 |      2,133        0.04        6.26
      21017 |      8,169        0.17        6.43
      21019 |      1,912        0.04        6.46
      21020 |      2,266        0.05        6.51
      21901 |     29,253        0.59        7.10
      21902 |     19,603        0.40        7.50
      21905 |      8,178        0.17        7.66
      21908 |      7,524        0.15        7.82
      22012 |      2,161        0.04        7.86
      22014 |      2,916        0.06        7.92
      22901 |     51,047        1.03        8.95
      22902 |     20,228        0.41        9.36
      23001 |      7,364        0.15        9.51
      23003 |      2,023        0.04        9.55
      23004 |        789        0.02        9.57
      23006 |      3,422        0.07        9.63
      23007 |      1,412        0.03        9.66
      23009 |      1,734        0.04        9.70
      23012 |      2,794        0.06        9.76
      23018 |      5,550        0.11        9.87
      23019 |      6,234        0.13        9.99
      23020 |      3,475        0.07       10.06
      23021 |      5,419        0.11       10.17
      23022 |      2,566        0.05       10.23
      23023 |      7,355        0.15       10.37
      23024 |      1,660        0.03       10.41
      23025 |      1,600        0.03       10.44
      23026 |      4,937        0.10       10.54
      23028 |      1,656        0.03       10.57
      23030 |      1,259        0.03       10.60
      23031 |      1,828        0.04       10.64
      23032 |     10,256        0.21       10.84
      23033 |      2,458        0.05       10.89
      23901 |     16,491        0.33       11.23
      23907 |      4,946        0.10       11.33
      23909 |     77,906        1.58       12.90
      23919 |      4,592        0.09       13.00
      24002 |      2,013        0.04       13.04
      24003 |      1,440        0.03       13.07
      24005 |      1,819        0.04       13.10
      24006 |      3,662        0.07       13.18
      24007 |      2,800        0.06       13.23
      24008 |      1,071        0.02       13.25
      24009 |      1,743        0.04       13.29
      24010 |      2,190        0.04       13.33
      24011 |      3,232        0.07       13.40
      24012 |      4,183        0.08       13.48
      24013 |      1,606        0.03       13.52
      24014 |      4,827        0.10       13.61
      24015 |      6,851        0.14       13.75
      24016 |      2,066        0.04       13.79
      24017 |      4,595        0.09       13.89
      24018 |     17,885        0.36       14.25
      24019 |      3,020        0.06       14.31
      24901 |     10,035        0.20       14.51
      25001 |      3,839        0.08       14.59
      25002 |      4,364        0.09       14.68
      25003 |      5,173        0.10       14.78
      25004 |      3,061        0.06       14.85
      25005 |      2,512        0.05       14.90
      25006 |      2,800        0.06       14.95
      25007 |      3,276        0.07       15.02
      25008 |      1,255        0.03       15.04
      25011 |      1,944        0.04       15.08
      25012 |      3,259        0.07       15.15
      25013 |      2,443        0.05       15.20
      25014 |      1,576        0.03       15.23
      25015 |      3,183        0.06       15.30
      25016 |      4,933        0.10       15.40
      25017 |     11,742        0.24       15.63
      25019 |      1,598        0.03       15.67
      25020 |      3,221        0.07       15.73
      25022 |     17,384        0.35       16.08
      25023 |      2,398        0.05       16.13
      25901 |      6,048        0.12       16.25
      25909 |      7,142        0.14       16.40
      26001 |      6,544        0.13       16.53
      26002 |      3,798        0.08       16.61
      26003 |      8,520        0.17       16.78
      26004 |      4,244        0.09       16.86
      26005 |      7,608        0.15       17.02
      26006 |      2,828        0.06       17.08
      26007 |      4,026        0.08       17.16
      26008 |     20,041        0.41       17.56
      26009 |      5,054        0.10       17.66
      26010 |      6,272        0.13       17.79
      26011 |     11,950        0.24       18.03
      26012 |      5,738        0.12       18.15
      26014 |      4,788        0.10       18.25
      26015 |     12,546        0.25       18.50
      26016 |      2,675        0.05       18.55
      26018 |      4,130        0.08       18.64
      26901 |     81,738        1.65       20.29
      27001 |      2,137        0.04       20.33
      27002 |      1,875        0.04       20.37
      27003 |      4,522        0.09       20.46
      27004 |      2,886        0.06       20.52
      27007 |        906        0.02       20.54
      27008 |      4,139        0.08       20.62
      27009 |      7,122        0.14       20.77
      27010 |      1,599        0.03       20.80
      27011 |     19,174        0.39       21.19
      27012 |      5,212        0.11       21.29
      27013 |      2,459        0.05       21.34
      27901 |     14,465        0.29       21.64
      28001 |      3,843        0.08       21.71
      28002 |      2,551        0.05       21.77
      28003 |      1,607        0.03       21.80
      28004 |      4,875        0.10       21.90
      28005 |      2,556        0.05       21.95
      28006 |      2,484        0.05       22.00
      28007 |      2,502        0.05       22.05
      28008 |      1,010        0.02       22.07
      28009 |      1,876        0.04       22.11
      28010 |      1,950        0.04       22.15
      28011 |     14,049        0.28       22.43
      28012 |      4,147        0.08       22.52
      28013 |      2,793        0.06       22.57
      29001 |      4,060        0.08       22.65
      29002 |      4,761        0.10       22.75
      29003 |      5,151        0.10       22.85
      29005 |      4,131        0.08       22.94
      29007 |      3,934        0.08       23.02
      29008 |      8,588        0.17       23.19
      29011 |      7,526        0.15       23.34
      29013 |      3,787        0.08       23.42
      29014 |      8,153        0.16       23.58
      29015 |      9,880        0.20       23.78
      29016 |     12,211        0.25       24.03
      29017 |      7,468        0.15       24.18
      29018 |      2,300        0.05       24.23
      29019 |      4,382        0.09       24.32
      29021 |     73,440        1.49       25.80
      29026 |     11,174        0.23       26.03
      29027 |      8,201        0.17       26.20
      29028 |     15,183        0.31       26.50
      29029 |      5,252        0.11       26.61
      29030 |      7,858        0.16       26.77
      29032 |     13,890        0.28       27.05
      29901 |     12,628        0.26       27.30
      29905 |     33,200        0.67       27.98
      29907 |     37,638        0.76       28.74
      29916 |      9,863        0.20       28.94
      29917 |     49,088        0.99       29.93
      31001 |      3,984        0.08       30.01
      31002 |      6,069        0.12       30.13
      31005 |      5,255        0.11       30.24
      31006 |      4,996        0.10       30.34
      31008 |      1,524        0.03       30.37
      31009 |      1,825        0.04       30.41
      31010 |      2,942        0.06       30.47
      31011 |      4,901        0.10       30.57
      31012 |      4,528        0.09       30.66
      31013 |      2,552        0.05       30.71
      31014 |      6,334        0.13       30.84
      31015 |      9,090        0.18       31.02
      31016 |      4,013        0.08       31.10
      31017 |      4,811        0.10       31.20
      31018 |     20,268        0.41       31.61
      31019 |      6,480        0.13       31.74
      31020 |      7,831        0.16       31.90
      31021 |      6,246        0.13       32.03
      31022 |      8,739        0.18       32.20
      31023 |      6,960        0.14       32.34
      31024 |      3,060        0.06       32.41
      31025 |      5,506        0.11       32.52
      31026 |      5,801        0.12       32.63
      31027 |     12,050        0.24       32.88
      31028 |      2,840        0.06       32.94
      31029 |      3,433        0.07       33.00
      31030 |    117,329        2.37       35.38
      31031 |     11,188        0.23       35.60
      31032 |      3,540        0.07       35.68
      31033 |      4,122        0.08       35.76
      31034 |      6,881        0.14       35.90
      31035 |      5,085        0.10       36.00
      31036 |      2,865        0.06       36.06
      31037 |     13,386        0.27       36.33
      31038 |      2,471        0.05       36.38
      31039 |     12,436        0.25       36.63
      31040 |      6,644        0.13       36.77
      31041 |      5,523        0.11       36.88
      31042 |      3,449        0.07       36.95
      31043 |     11,718        0.24       37.18
      31044 |      5,412        0.11       37.29
      31045 |      3,985        0.08       37.37
      31046 |      4,947        0.10       37.47
      31047 |      8,369        0.17       37.64
      31048 |     10,851        0.22       37.86
      31049 |      8,356        0.17       38.03
      31050 |     15,308        0.31       38.34
      31051 |     12,374        0.25       38.59
      31052 |     11,456        0.23       38.82
      31053 |      5,919        0.12       38.94
      31054 |      8,123        0.16       39.11
      31055 |      4,281        0.09       39.19
      31056 |      7,874        0.16       39.35
      31057 |      4,503        0.09       39.45
      31058 |      7,647        0.15       39.60
      31059 |      7,060        0.14       39.74
      31060 |      7,785        0.16       39.90
      31061 |      8,801        0.18       40.08
      31062 |      8,353        0.17       40.25
      31063 |      9,381        0.19       40.44
      31064 |      9,052        0.18       40.62
      31065 |     22,701        0.46       41.08
      31066 |      8,166        0.17       41.24
      31901 |     26,758        0.54       41.79
      32001 |      2,584        0.05       41.84
      32003 |      6,359        0.13       41.97
      32004 |      1,622        0.03       42.00
      32005 |      4,353        0.09       42.09
      32007 |      4,791        0.10       42.18
      32008 |      4,626        0.09       42.28
      32009 |     33,814        0.68       42.96
      32010 |      4,992        0.10       43.06
      32011 |      4,947        0.10       43.16
      32012 |     10,042        0.20       43.37
      32013 |      1,885        0.04       43.40
      32901 |     11,070        0.22       43.63
      33002 |      3,325        0.07       43.70
      33004 |      4,235        0.09       43.78
      33005 |      4,024        0.08       43.86
      33007 |      7,680        0.16       44.02
      33009 |      1,633        0.03       44.05
      33010 |      7,071        0.14       44.19
      33011 |     16,163        0.33       44.52
      33012 |      4,529        0.09       44.61
      33013 |      3,435        0.07       44.68
      33014 |      3,859        0.08       44.76
      33015 |     15,411        0.31       45.07
      33016 |      2,510        0.05       45.12
      33017 |      3,871        0.08       45.20
      33018 |    309,471        6.26       51.46
      33901 |     19,569        0.40       51.86
      33905 |      3,393        0.07       51.92
      35001 |      6,535        0.13       52.06
      35002 |      4,445        0.09       52.15
      35003 |      5,498        0.11       52.26
      35004 |     25,151        0.51       52.77
      35005 |      9,008        0.18       52.95
      35006 |      2,057        0.04       52.99
      35007 |      3,646        0.07       53.06
      35008 |      3,099        0.06       53.13
      35009 |      4,490        0.09       53.22
      35010 |      6,947        0.14       53.36
      35011 |      2,856        0.06       53.42
      35012 |     11,851        0.24       53.66
      35013 |     13,825        0.28       53.94
      35014 |     26,636        0.54       54.47
      35015 |      3,792        0.08       54.55
      35016 |      6,492        0.13       54.68
      35017 |      7,788        0.16       54.84
      35018 |      9,737        0.20       55.04
      35019 |      5,123        0.10       55.14
      35020 |     17,087        0.35       55.49
      35021 |     10,746        0.22       55.70
      35022 |      5,533        0.11       55.82
      35023 |      5,317        0.11       55.92
      35024 |     14,912        0.30       56.22
      35025 |      8,688        0.18       56.40
      35026 |      6,722        0.14       56.54
      35027 |     16,362        0.33       56.87
      35028 |     15,380        0.31       57.18
      35029 |      4,645        0.09       57.27
      35030 |     13,810        0.28       57.55
      35033 |      6,081        0.12       57.67
      35034 |      4,600        0.09       57.77
      35035 |      6,184        0.13       57.89
      35036 |     17,422        0.35       58.25
      35037 |      3,848        0.08       58.32
      35038 |     10,703        0.22       58.54
      35039 |      8,720        0.18       58.72
      35040 |     10,222        0.21       58.92
      35041 |      6,948        0.14       59.06
      35042 |      4,568        0.09       59.16
      35043 |      6,031        0.12       59.28
      35044 |      4,307        0.09       59.36
      35045 |      5,037        0.10       59.47
      35046 |     27,913        0.56       60.03
      35047 |     15,576        0.32       60.35
      35048 |     12,716        0.26       60.60
      35049 |      2,340        0.05       60.65
      35050 |     31,732        0.64       61.29
      35051 |      9,787        0.20       61.49
      35052 |      1,349        0.03       61.52
      35053 |      2,803        0.06       61.57
      35054 |      5,194        0.11       61.68
      35055 |      7,418        0.15       61.83
      35056 |      3,824        0.08       61.91
      35057 |     39,794        0.80       62.71
      35058 |      7,224        0.15       62.86
      35059 |     28,694        0.58       63.44
      35060 |     19,644        0.40       63.84
      35061 |    417,072        8.44       72.27
      35062 |     25,294        0.51       72.78
      35063 |     36,420        0.74       73.52
      35901 |     73,545        1.49       75.01
      41001 |     12,642        0.26       75.26
      41002 |     12,555        0.25       75.52
      41003 |      6,559        0.13       75.65
      41006 |      8,291        0.17       75.82
      41007 |      5,049        0.10       75.92
      41008 |      2,371        0.05       75.97
      41009 |     13,471        0.27       76.24
      41010 |      8,374        0.17       76.41
      41011 |     19,775        0.40       76.81
      41012 |      2,594        0.05       76.86
      41014 |      4,300        0.09       76.95
      41015 |      7,912        0.16       77.11
      41016 |      4,611        0.09       77.20
      41017 |      3,516        0.07       77.27
      41018 |      4,589        0.09       77.37
      41019 |      4,156        0.08       77.45
      41020 |      2,753        0.06       77.51
      41021 |      9,607        0.19       77.70
      41027 |      6,171        0.12       77.83
      41029 |     11,126        0.23       78.05
      41030 |      2,401        0.05       78.10
      41031 |      5,330        0.11       78.21
      41032 |      4,537        0.09       78.30
      41033 |      4,344        0.09       78.39
      41034 |      2,600        0.05       78.44
      41035 |      1,055        0.02       78.46
      41036 |      1,397        0.03       78.49
      41037 |     69,561        1.41       79.90
      41038 |      5,814        0.12       80.01
      41039 |      3,482        0.07       80.08
      41901 |     25,302        0.51       80.60
      41917 |     38,413        0.78       81.37
      41918 |     14,195        0.29       81.66
      42001 |     10,308        0.21       81.87
      42002 |     18,366        0.37       82.24
      42003 |      6,359        0.13       82.37
      42005 |      7,053        0.14       82.51
      42007 |      3,469        0.07       82.58
      42008 |     19,675        0.40       82.98
      42010 |     10,271        0.21       83.19
      42011 |      9,809        0.20       83.39
      42012 |     19,666        0.40       83.78
      42013 |      9,871        0.20       83.98
      42014 |      3,446        0.07       84.05
      42015 |      3,446        0.07       84.12
      42016 |     17,271        0.35       84.47
      42017 |      1,809        0.04       84.51
      42018 |     11,228        0.23       84.74
      42019 |     10,744        0.22       84.95
      42020 |      6,514        0.13       85.08
      42901 |     23,782        0.48       85.57
      43035 |      7,418        0.15       85.72
      43901 |    364,669        7.38       93.09
      43902 |     10,963        0.22       93.31
      50001 |      3,156        0.06       93.38
      50008 |      2,604        0.05       93.43
      50901 |      5,729        0.12       93.55
      50902 |     50,453        1.02       94.57
      51015 |      1,943        0.04       94.61
      51022 |      1,222        0.02       94.63
      51901 |     72,161        1.46       96.09
      52001 |      2,984        0.06       96.15
      52002 |      3,654        0.07       96.22
      52003 |      2,725        0.06       96.28
      52004 |      8,224        0.17       96.45
      52005 |      1,947        0.04       96.49
      52008 |      2,924        0.06       96.54
      52009 |      4,723        0.10       96.64
      52010 |     44,027        0.89       97.53
      52011 |      3,452        0.07       97.60
      52012 |     13,610        0.28       97.88
      52013 |     10,483        0.21       98.09
      52014 |      4,729        0.10       98.18
      52015 |     10,134        0.20       98.39
      52016 |      3,328        0.07       98.46
      52017 |      4,163        0.08       98.54
      52018 |      4,286        0.09       98.63
      52901 |     22,376        0.45       99.08
      53001 |     45,497        0.92      100.00
------------+-----------------------------------
      Total |  4,943,739      100.00

. gen all = 1

. 
. * calculate regional totals for each group and associated standard errors
. foreach v in all prev_formemp formemp {
  2.   gen z_`v' = xweighti * `v'
  3.   bysort year mmc1970: egen zbar_`v' = mean(z_`v')
  4.   gen se_element_`v' = (z_`v' - zbar_`v')^2
  5. }

. gen one = 1

. collapse (sum) all prev_formemp formemp ///
>          (rawsum) se_sum_all = se_element_all ///
>                       se_sum_prev_formemp=se_element_prev_formemp ///
>                       se_sum_formemp=se_element_formemp ///
>                       obs=one ///
>          [pw=xweighti], by(mmc1970 year)

. foreach v in all prev_formemp formemp {
  2.   gen se_`v' = sqrt((obs/(obs-1))*se_sum_`v')
  3.   drop se_sum_`v'
  4. }

. drop obs

. 
. * save counts and standard errors
. reshape wide all prev_formemp formemp ///
>              se_all se_prev_formemp se_formemp ///
>                          , i(mmc1970) j(year)
(note: j = 1991)

Data                               long   ->   wide
-----------------------------------------------------------------------------
Number of obs.                      412   ->     412
Number of variables                   8   ->       7
j variable (1 values)              year   ->   (dropped)
xij variables:
                                    all   ->   all1991
                           prev_formemp   ->   prev_formemp1991
                                formemp   ->   formemp1991
                                 se_all   ->   se_all1991
                        se_prev_formemp   ->   se_prev_formemp1991
                             se_formemp   ->   se_formemp1991
-----------------------------------------------------------------------------

. sort mmc1970

. save employment_1991, replace
(note: file employment_1991.dta not found)
file employment_1991.dta saved

. 
. ****************
. * 2000, 2010
. 
. foreach yr in 2000 2010 {
  2. 
.         use ../Data_Census/code_sample if year==`yr', clear
  3. 
.         * restrict sample
.         keep if employed==1 // employed
  4.         drop if indlinkn==98 // drop public admin
  5.         keep if indlinkn < . // valid industry code
  6.                         
.         * variable setup
.         drop if mmc1970 == 26019 // Fernando de Noronha - ensures same # of MMC1970 in 1980 and
>  later
  7.         codebook mmc1970 // 412 regions
  8.         tab mmc1970, gen(mmc1970flag)
  9.         gen all = 1
 10. 
.         * calculate regional totals for each group and associated standard errors
.         foreach v in all formemp {
 11.           gen z_`v' = xweighti * `v'
 12.           bysort year mmc1970: egen zbar_`v' = mean(z_`v')
 13.           gen se_element_`v' = (z_`v' - zbar_`v')^2
 14.         }
 15.         gen one = 1
 16.         collapse (sum) all formemp ///
>                          (rawsum) se_sum_all = se_element_all ///
>                                           se_sum_formemp=se_element_formemp ///
>                                           obs=one ///
>                          [pw=xweighti], by(mmc1970 year)
 17.         foreach v in all formemp {
 18.           gen se_`v' = sqrt((obs/(obs-1))*se_sum_`v')
 19.           drop se_sum_`v'
 20.         }
 21.         drop obs
 22. 
.         * save counts and standard errors
.         reshape wide all formemp ///
>                                  se_all se_formemp ///
>                                  , i(mmc1970) j(year)
 23.         sort mmc1970
 24.         save employment_`yr', replace
 25. }
(4529367 observations deleted)
(397231 observations deleted)
(87131 observations deleted)
(183 observations deleted)

-------------------------------------------------------------------------------------------------
mmc1970                                                                               (unlabeled)
-------------------------------------------------------------------------------------------------

                  type:  numeric (float)

                 range:  [11901,53001]                units:  1
         unique values:  412                      missing .:  0/6589778

                  mean:   33342.4
              std. dev:   8912.19

           percentiles:        10%       25%       50%       75%       90%
                             22901     29008     33018     41001     43901

    mmc1970 |      Freq.     Percent        Cum.
------------+-----------------------------------
      11901 |     54,844        0.83        0.83
      12001 |      2,821        0.04        0.88
      12002 |      1,252        0.02        0.89
      12901 |     14,276        0.22        1.11
      13002 |        664        0.01        1.12
      13003 |      4,761        0.07        1.19
      13005 |      2,348        0.04        1.23
      13011 |      1,018        0.02        1.24
      13901 |     65,103        0.99        2.23
      13904 |      4,404        0.07        2.30
      14901 |     10,882        0.17        2.46
      15001 |      4,569        0.07        2.53
      15005 |      3,649        0.06        2.59
      15006 |      3,440        0.05        2.64
      15007 |     56,522        0.86        3.50
      15011 |      9,507        0.14        3.64
      15014 |      6,203        0.09        3.74
      15018 |      3,087        0.05        3.78
      15901 |     74,167        1.13        4.91
      15905 |     17,971        0.27        5.18
      15909 |      9,373        0.14        5.32
      16001 |        914        0.01        5.34
      16004 |      1,299        0.02        5.36
      16901 |     10,738        0.16        5.52
      17001 |      7,160        0.11        5.63
      17002 |      9,055        0.14        5.77
      17003 |      6,777        0.10        5.87
      17007 |      2,244        0.03        5.90
      17901 |     22,821        0.35        6.25
      21001 |      8,008        0.12        6.37
      21002 |     31,458        0.48        6.85
      21003 |      4,945        0.08        6.92
      21004 |      4,373        0.07        6.99
      21009 |     17,485        0.27        7.26
      21012 |      7,613        0.12        7.37
      21016 |      2,755        0.04        7.41
      21017 |     10,815        0.16        7.58
      21019 |      3,195        0.05        7.63
      21020 |      3,426        0.05        7.68
      21901 |     48,896        0.74        8.42
      21902 |     29,260        0.44        8.86
      21905 |     11,363        0.17        9.04
      21908 |      9,575        0.15        9.18
      22012 |      3,806        0.06        9.24
      22014 |      3,286        0.05        9.29
      22901 |     77,658        1.18       10.47
      22902 |     32,472        0.49       10.96
      23001 |     10,059        0.15       11.11
      23003 |      2,601        0.04       11.15
      23004 |      1,225        0.02       11.17
      23006 |      5,624        0.09       11.26
      23007 |      2,233        0.03       11.29
      23009 |      2,570        0.04       11.33
      23012 |      3,442        0.05       11.38
      23018 |      7,995        0.12       11.50
      23019 |      7,972        0.12       11.62
      23020 |      5,677        0.09       11.71
      23021 |      8,054        0.12       11.83
      23022 |      3,208        0.05       11.88
      23023 |      9,946        0.15       12.03
      23024 |      2,303        0.03       12.07
      23025 |      2,369        0.04       12.10
      23026 |      7,382        0.11       12.21
      23028 |      2,139        0.03       12.25
      23030 |      2,096        0.03       12.28
      23031 |      2,303        0.03       12.31
      23032 |     14,363        0.22       12.53
      23033 |      2,792        0.04       12.57
      23901 |     23,020        0.35       12.92
      23907 |      5,672        0.09       13.01
      23909 |    103,670        1.57       14.58
      23919 |      7,477        0.11       14.70
      24002 |      2,459        0.04       14.73
      24003 |      1,636        0.02       14.76
      24005 |      2,683        0.04       14.80
      24006 |      5,516        0.08       14.88
      24007 |      3,420        0.05       14.93
      24008 |      1,667        0.03       14.96
      24009 |      2,287        0.03       14.99
      24010 |      3,668        0.06       15.05
      24011 |      3,931        0.06       15.11
      24012 |      5,210        0.08       15.19
      24013 |      2,017        0.03       15.22
      24014 |      5,932        0.09       15.31
      24015 |      8,557        0.13       15.44
      24016 |      2,857        0.04       15.48
      24017 |      6,583        0.10       15.58
      24018 |     26,541        0.40       15.99
      24019 |      3,916        0.06       16.05
      24901 |     13,148        0.20       16.24
      25001 |      5,157        0.08       16.32
      25002 |      6,952        0.11       16.43
      25003 |      7,507        0.11       16.54
      25004 |      4,133        0.06       16.60
      25005 |      4,029        0.06       16.67
      25006 |      4,251        0.06       16.73
      25007 |      6,236        0.09       16.83
      25008 |      2,068        0.03       16.86
      25011 |      2,797        0.04       16.90
      25012 |      5,972        0.09       16.99
      25013 |      3,395        0.05       17.04
      25014 |      2,337        0.04       17.08
      25015 |      3,644        0.06       17.13
      25016 |      6,524        0.10       17.23
      25017 |     14,972        0.23       17.46
      25019 |      2,368        0.04       17.49
      25020 |      5,047        0.08       17.57
      25022 |     26,312        0.40       17.97
      25023 |      2,347        0.04       18.01
      25901 |      9,450        0.14       18.15
      25909 |      9,721        0.15       18.30
      26001 |      8,470        0.13       18.43
      26002 |      5,155        0.08       18.50
      26003 |     13,122        0.20       18.70
      26004 |      6,431        0.10       18.80
      26005 |     12,686        0.19       18.99
      26006 |      3,867        0.06       19.05
      26007 |      5,500        0.08       19.13
      26008 |     25,508        0.39       19.52
      26009 |      9,430        0.14       19.66
      26010 |      8,365        0.13       19.79
      26011 |     17,546        0.27       20.06
      26012 |      8,506        0.13       20.19
      26014 |      6,382        0.10       20.28
      26015 |     12,860        0.20       20.48
      26016 |      3,372        0.05       20.53
      26018 |      5,183        0.08       20.61
      26901 |    101,955        1.55       22.16
      27001 |      3,400        0.05       22.21
      27002 |      1,930        0.03       22.24
      27003 |      6,994        0.11       22.34
      27004 |      3,610        0.05       22.40
      27007 |      1,475        0.02       22.42
      27008 |      4,422        0.07       22.49
      27009 |      7,267        0.11       22.60
      27010 |      2,263        0.03       22.63
      27011 |     27,505        0.42       23.05
      27012 |      5,876        0.09       23.14
      27013 |      3,304        0.05       23.19
      27901 |     20,198        0.31       23.50
      28001 |      4,925        0.07       23.57
      28002 |      3,713        0.06       23.63
      28003 |      2,323        0.04       23.66
      28004 |      6,577        0.10       23.76
      28005 |      3,422        0.05       23.81
      28006 |      3,488        0.05       23.87
      28007 |      3,152        0.05       23.91
      28008 |      1,375        0.02       23.93
      28009 |      2,572        0.04       23.97
      28010 |      2,852        0.04       24.02
      28011 |     19,827        0.30       24.32
      28012 |      6,092        0.09       24.41
      28013 |      4,023        0.06       24.47
      29001 |      6,180        0.09       24.57
      29002 |      5,163        0.08       24.64
      29003 |      6,443        0.10       24.74
      29005 |      5,741        0.09       24.83
      29007 |      4,673        0.07       24.90
      29008 |      8,124        0.12       25.02
      29011 |      8,625        0.13       25.15
      29013 |      3,012        0.05       25.20
      29014 |      8,941        0.14       25.34
      29015 |     12,214        0.19       25.52
      29016 |     16,349        0.25       25.77
      29017 |      9,739        0.15       25.92
      29018 |      3,135        0.05       25.96
      29019 |      5,180        0.08       26.04
      29021 |     99,673        1.51       27.55
      29026 |     15,061        0.23       27.78
      29027 |     10,741        0.16       27.95
      29028 |     20,484        0.31       28.26
      29029 |      7,011        0.11       28.36
      29030 |      8,339        0.13       28.49
      29032 |     19,765        0.30       28.79
      29901 |     16,406        0.25       29.04
      29905 |     36,631        0.56       29.60
      29907 |     53,211        0.81       30.40
      29916 |     10,921        0.17       30.57
      29917 |     54,811        0.83       31.40
      31001 |      5,465        0.08       31.48
      31002 |      8,549        0.13       31.61
      31005 |      8,616        0.13       31.74
      31006 |      5,836        0.09       31.83
      31008 |      2,076        0.03       31.86
      31009 |      2,391        0.04       31.90
      31010 |      4,112        0.06       31.96
      31011 |      9,356        0.14       32.10
      31012 |      6,055        0.09       32.20
      31013 |      3,072        0.05       32.24
      31014 |      7,592        0.12       32.36
      31015 |     12,370        0.19       32.55
      31016 |      4,491        0.07       32.61
      31017 |      5,917        0.09       32.70
      31018 |     29,093        0.44       33.15
      31019 |      8,698        0.13       33.28
      31020 |     11,330        0.17       33.45
      31021 |      8,087        0.12       33.57
      31022 |     12,846        0.19       33.77
      31023 |      8,750        0.13       33.90
      31024 |      3,674        0.06       33.96
      31025 |      6,700        0.10       34.06
      31026 |      7,388        0.11       34.17
      31027 |     16,461        0.25       34.42
      31028 |      3,845        0.06       34.48
      31029 |      4,381        0.07       34.54
      31030 |    158,217        2.40       36.94
      31031 |     13,372        0.20       37.15
      31032 |      4,311        0.07       37.21
      31033 |      5,596        0.08       37.30
      31034 |      8,569        0.13       37.43
      31035 |      5,289        0.08       37.51
      31036 |      3,840        0.06       37.57
      31037 |     16,266        0.25       37.81
      31038 |      3,183        0.05       37.86
      31039 |     16,851        0.26       38.12
      31040 |     11,941        0.18       38.30
      31041 |      6,782        0.10       38.40
      31042 |      4,505        0.07       38.47
      31043 |     17,196        0.26       38.73
      31044 |      6,765        0.10       38.83
      31045 |      6,047        0.09       38.93
      31046 |      6,625        0.10       39.03
      31047 |     11,382        0.17       39.20
      31048 |     14,768        0.22       39.42
      31049 |     11,391        0.17       39.60
      31050 |     20,479        0.31       39.91
      31051 |     16,314        0.25       40.15
      31052 |     16,371        0.25       40.40
      31053 |      7,810        0.12       40.52
      31054 |     11,473        0.17       40.69
      31055 |      5,179        0.08       40.77
      31056 |      7,870        0.12       40.89
      31057 |      5,972        0.09       40.98
      31058 |      9,482        0.14       41.13
      31059 |      8,543        0.13       41.26
      31060 |      9,991        0.15       41.41
      31061 |     15,649        0.24       41.65
      31062 |     12,043        0.18       41.83
      31063 |     13,082        0.20       42.03
      31064 |     12,511        0.19       42.22
      31065 |     27,521        0.42       42.63
      31066 |      9,428        0.14       42.78
      31901 |     38,963        0.59       43.37
      32001 |      4,035        0.06       43.43
      32003 |      8,919        0.14       43.57
      32004 |      1,839        0.03       43.59
      32005 |      5,579        0.08       43.68
      32007 |      8,132        0.12       43.80
      32008 |      6,978        0.11       43.91
      32009 |     47,862        0.73       44.63
      32010 |      8,389        0.13       44.76
      32011 |      7,058        0.11       44.87
      32012 |     14,523        0.22       45.09
      32013 |      2,661        0.04       45.13
      32901 |     17,393        0.26       45.39
      33002 |      5,644        0.09       45.48
      33004 |      6,724        0.10       45.58
      33005 |      5,527        0.08       45.66
      33007 |     10,486        0.16       45.82
      33009 |      2,817        0.04       45.87
      33010 |     13,734        0.21       46.07
      33011 |     21,856        0.33       46.41
      33012 |      5,415        0.08       46.49
      33013 |      4,843        0.07       46.56
      33014 |      5,455        0.08       46.64
      33015 |     17,350        0.26       46.91
      33016 |      3,692        0.06       46.96
      33017 |      5,537        0.08       47.05
      33018 |    361,367        5.48       52.53
      33901 |     26,339        0.40       52.93
      33905 |      4,134        0.06       52.99
      35001 |      8,432        0.13       53.12
      35002 |      5,321        0.08       53.20
      35003 |      6,853        0.10       53.31
      35004 |     32,263        0.49       53.80
      35005 |     11,120        0.17       53.97
      35006 |      3,423        0.05       54.02
      35007 |      4,186        0.06       54.08
      35008 |      4,630        0.07       54.15
      35009 |      4,712        0.07       54.22
      35010 |      8,157        0.12       54.35
      35011 |      3,662        0.06       54.40
      35012 |     16,755        0.25       54.66
      35013 |     16,372        0.25       54.90
      35014 |     34,572        0.52       55.43
      35015 |      5,283        0.08       55.51
      35016 |      6,689        0.10       55.61
      35017 |      9,286        0.14       55.75
      35018 |     12,316        0.19       55.94
      35019 |      6,527        0.10       56.04
      35020 |     22,230        0.34       56.38
      35021 |     13,736        0.21       56.58
      35022 |      7,581        0.12       56.70
      35023 |      7,986        0.12       56.82
      35024 |     19,671        0.30       57.12
      35025 |     11,553        0.18       57.29
      35026 |      9,495        0.14       57.44
      35027 |     19,099        0.29       57.73
      35028 |     20,167        0.31       58.03
      35029 |      6,097        0.09       58.13
      35030 |     17,284        0.26       58.39
      35033 |      8,092        0.12       58.51
      35034 |      5,286        0.08       58.59
      35035 |      8,053        0.12       58.71
      35036 |     21,891        0.33       59.05
      35037 |      4,723        0.07       59.12
      35038 |     13,515        0.21       59.32
      35039 |     10,770        0.16       59.49
      35040 |     13,895        0.21       59.70
      35041 |      8,541        0.13       59.83
      35042 |      6,226        0.09       59.92
      35043 |      8,605        0.13       60.05
      35044 |      4,886        0.07       60.13
      35045 |      7,320        0.11       60.24
      35046 |     41,311        0.63       60.86
      35047 |     18,977        0.29       61.15
      35048 |     20,026        0.30       61.46
      35049 |      3,270        0.05       61.51
      35050 |     42,201        0.64       62.15
      35051 |     13,124        0.20       62.34
      35052 |      1,665        0.03       62.37
      35053 |      3,960        0.06       62.43
      35054 |      8,948        0.14       62.57
      35055 |      9,194        0.14       62.71
      35056 |      6,367        0.10       62.80
      35057 |     55,117        0.84       63.64
      35058 |     11,556        0.18       63.81
      35059 |     40,222        0.61       64.42
      35060 |     28,047        0.43       64.85
      35061 |    480,664        7.29       72.14
      35062 |     36,608        0.56       72.70
      35063 |     45,057        0.68       73.38
      35901 |     98,049        1.49       74.87
      41001 |     15,415        0.23       75.10
      41002 |     14,320        0.22       75.32
      41003 |      7,821        0.12       75.44
      41006 |     10,014        0.15       75.59
      41007 |      5,803        0.09       75.68
      41008 |      2,599        0.04       75.72
      41009 |     18,388        0.28       76.00
      41010 |     11,561        0.18       76.17
      41011 |     26,028        0.39       76.57
      41012 |      3,130        0.05       76.62
      41014 |      4,726        0.07       76.69
      41015 |     10,075        0.15       76.84
      41016 |      5,078        0.08       76.92
      41017 |      4,211        0.06       76.98
      41018 |      6,529        0.10       77.08
      41019 |      5,133        0.08       77.16
      41020 |      3,015        0.05       77.21
      41021 |     13,151        0.20       77.41
      41027 |      7,716        0.12       77.52
      41029 |     16,715        0.25       77.78
      41030 |      3,014        0.05       77.82
      41031 |      6,607        0.10       77.92
      41032 |      4,797        0.07       77.99
      41033 |      5,043        0.08       78.07
      41034 |      3,152        0.05       78.12
      41035 |      1,512        0.02       78.14
      41036 |      1,861        0.03       78.17
      41037 |    102,481        1.56       79.73
      41038 |      8,216        0.12       79.85
      41039 |      4,878        0.07       79.92
      41901 |     32,578        0.49       80.42
      41917 |     54,376        0.83       81.24
      41918 |     20,041        0.30       81.55
      42001 |     14,241        0.22       81.76
      42002 |     22,694        0.34       82.11
      42003 |      8,415        0.13       82.24
      42005 |      9,279        0.14       82.38
      42007 |      5,080        0.08       82.45
      42008 |     28,170        0.43       82.88
      42010 |     12,509        0.19       83.07
      42011 |     13,170        0.20       83.27
      42012 |     28,169        0.43       83.70
      42013 |     17,033        0.26       83.96
      42014 |      4,117        0.06       84.02
      42015 |      5,037        0.08       84.10
      42016 |     28,236        0.43       84.52
      42017 |      2,354        0.04       84.56
      42018 |     16,815        0.26       84.82
      42019 |     14,591        0.22       85.04
      42020 |      9,427        0.14       85.18
      42901 |     31,872        0.48       85.66
      43035 |      8,032        0.12       85.79
      43901 |    449,724        6.82       92.61
      43902 |     13,070        0.20       92.81
      50001 |      3,929        0.06       92.87
      50008 |      3,323        0.05       92.92
      50901 |      7,533        0.11       93.03
      50902 |     68,618        1.04       94.07
      51015 |      1,982        0.03       94.10
      51022 |      1,749        0.03       94.13
      51901 |    105,811        1.61       95.74
      52001 |      4,318        0.07       95.80
      52002 |      4,886        0.07       95.88
      52003 |      3,063        0.05       95.92
      52004 |      9,478        0.14       96.07
      52005 |      2,525        0.04       96.10
      52008 |      3,254        0.05       96.15
      52009 |      5,384        0.08       96.24
      52010 |     68,682        1.04       97.28
      52011 |      4,587        0.07       97.35
      52012 |     26,629        0.40       97.75
      52013 |     15,736        0.24       97.99
      52014 |      5,723        0.09       98.08
      52015 |     13,934        0.21       98.29
      52016 |      4,597        0.07       98.36
      52017 |      5,684        0.09       98.44
      52018 |      5,424        0.08       98.53
      52901 |     29,803        0.45       98.98
      53001 |     67,274        1.02      100.00
------------+-----------------------------------
      Total |  6,589,778      100.00
(note: j = 2000)

Data                               long   ->   wide
-----------------------------------------------------------------------------
Number of obs.                      412   ->     412
Number of variables                   6   ->       5
j variable (1 values)              year   ->   (dropped)
xij variables:
                                    all   ->   all2000
                                formemp   ->   formemp2000
                                 se_all   ->   se_all2000
                             se_formemp   ->   se_formemp2000
-----------------------------------------------------------------------------
(note: file employment_2000.dta not found)
file employment_2000.dta saved
(4339756 observations deleted)
(494473 observations deleted)
(440352 observations deleted)
(466 observations deleted)

-------------------------------------------------------------------------------------------------
mmc1970                                                                               (unlabeled)
-------------------------------------------------------------------------------------------------

                  type:  numeric (float)

                 range:  [11901,53001]                units:  1
         unique values:  412                      missing .:  0/7477731

                  mean:   33457.4
              std. dev:   9214.96

           percentiles:        10%       25%       50%       75%       90%
                             22014     28011     33018     41029     43901

    mmc1970 |      Freq.     Percent        Cum.
------------+-----------------------------------
      11901 |     72,031        0.96        0.96
      12001 |      4,653        0.06        1.03
      12002 |      2,014        0.03        1.05
      12901 |     19,801        0.26        1.32
      13002 |      1,134        0.02        1.33
      13003 |      7,020        0.09        1.43
      13005 |      2,846        0.04        1.46
      13011 |      1,617        0.02        1.49
      13901 |     63,346        0.85        2.33
      13904 |      7,156        0.10        2.43
      14901 |     16,592        0.22        2.65
      15001 |      5,430        0.07        2.72
      15005 |      4,864        0.07        2.79
      15006 |      4,980        0.07        2.85
      15007 |     41,546        0.56        3.41
      15011 |     12,787        0.17        3.58
      15014 |      6,878        0.09        3.67
      15018 |      5,960        0.08        3.75
      15901 |     98,738        1.32        5.07
      15905 |     23,532        0.31        5.39
      15909 |     12,512        0.17        5.56
      16001 |      1,152        0.02        5.57
      16004 |      2,428        0.03        5.60
      16901 |     18,538        0.25        5.85
      17001 |     11,372        0.15        6.00
      17002 |     13,925        0.19        6.19
      17003 |     11,827        0.16        6.35
      17007 |      5,264        0.07        6.42
      17901 |     38,748        0.52        6.94
      21001 |      8,949        0.12        7.06
      21002 |     26,601        0.36        7.41
      21003 |      6,052        0.08        7.49
      21004 |      5,455        0.07        7.57
      21009 |     22,501        0.30        7.87
      21012 |      8,845        0.12        7.98
      21016 |      2,458        0.03        8.02
      21017 |     12,704        0.17        8.19
      21019 |      5,062        0.07        8.26
      21020 |      5,191        0.07        8.32
      21901 |     60,926        0.81        9.14
      21902 |     32,997        0.44        9.58
      21905 |     10,643        0.14        9.72
      21908 |     13,656        0.18        9.91
      22012 |      4,102        0.05        9.96
      22014 |      4,997        0.07       10.03
      22901 |     90,083        1.20       11.23
      22902 |     48,845        0.65       11.89
      23001 |     11,971        0.16       12.05
      23003 |      2,534        0.03       12.08
      23004 |      1,495        0.02       12.10
      23006 |      5,032        0.07       12.17
      23007 |      2,615        0.03       12.20
      23009 |      3,294        0.04       12.25
      23012 |      3,959        0.05       12.30
      23018 |      7,551        0.10       12.40
      23019 |      8,988        0.12       12.52
      23020 |      6,450        0.09       12.61
      23021 |      7,698        0.10       12.71
      23022 |      5,165        0.07       12.78
      23023 |     11,783        0.16       12.94
      23024 |      2,690        0.04       12.97
      23025 |      3,041        0.04       13.01
      23026 |      7,706        0.10       13.12
      23028 |      2,403        0.03       13.15
      23030 |      2,821        0.04       13.19
      23031 |      2,541        0.03       13.22
      23032 |     19,169        0.26       13.48
      23033 |      4,155        0.06       13.53
      23901 |     30,610        0.41       13.94
      23907 |      7,603        0.10       14.04
      23909 |     95,025        1.27       15.31
      23919 |      7,102        0.09       15.41
      24002 |      2,777        0.04       15.45
      24003 |      2,596        0.03       15.48
      24005 |      3,902        0.05       15.53
      24006 |      7,934        0.11       15.64
      24007 |      4,490        0.06       15.70
      24008 |      2,400        0.03       15.73
      24009 |      2,968        0.04       15.77
      24010 |      4,341        0.06       15.83
      24011 |      5,741        0.08       15.90
      24012 |      6,936        0.09       16.00
      24013 |      2,855        0.04       16.04
      24014 |      7,800        0.10       16.14
      24015 |     12,637        0.17       16.31
      24016 |      3,793        0.05       16.36
      24017 |      8,317        0.11       16.47
      24018 |     22,469        0.30       16.77
      24019 |      5,353        0.07       16.84
      24901 |     19,214        0.26       17.10
      25001 |      6,272        0.08       17.18
      25002 |      9,504        0.13       17.31
      25003 |      9,793        0.13       17.44
      25004 |      5,877        0.08       17.52
      25005 |      5,476        0.07       17.59
      25006 |      5,328        0.07       17.66
      25007 |      6,784        0.09       17.76
      25008 |      3,209        0.04       17.80
      25011 |      6,079        0.08       17.88
      25012 |      7,197        0.10       17.98
      25013 |      4,163        0.06       18.03
      25014 |      3,200        0.04       18.07
      25015 |      5,624        0.08       18.15
      25016 |      9,410        0.13       18.28
      25017 |     19,145        0.26       18.53
      25019 |      3,503        0.05       18.58
      25020 |      7,569        0.10       18.68
      25022 |     22,228        0.30       18.98
      25023 |      3,377        0.05       19.02
      25901 |     15,679        0.21       19.23
      25909 |     12,347        0.17       19.40
      26001 |     10,043        0.13       19.53
      26002 |      6,198        0.08       19.61
      26003 |     14,971        0.20       19.81
      26004 |      7,548        0.10       19.92
      26005 |     17,168        0.23       20.14
      26006 |      5,153        0.07       20.21
      26007 |      6,023        0.08       20.29
      26008 |     33,389        0.45       20.74
      26009 |     13,086        0.17       20.92
      26010 |      8,680        0.12       21.03
      26011 |     18,800        0.25       21.28
      26012 |      8,269        0.11       21.39
      26014 |      7,383        0.10       21.49
      26015 |     15,858        0.21       21.70
      26016 |      5,566        0.07       21.78
      26018 |      7,586        0.10       21.88
      26901 |     87,168        1.17       23.05
      27001 |      4,234        0.06       23.10
      27002 |      2,366        0.03       23.13
      27003 |      6,859        0.09       23.23
      27004 |      5,391        0.07       23.30
      27007 |      1,685        0.02       23.32
      27008 |      4,443        0.06       23.38
      27009 |      9,034        0.12       23.50
      27010 |      3,034        0.04       23.54
      27011 |     22,618        0.30       23.84
      27012 |      7,614        0.10       23.95
      27013 |      4,071        0.05       24.00
      27901 |     23,575        0.32       24.32
      28001 |      6,149        0.08       24.40
      28002 |      5,328        0.07       24.47
      28003 |      3,451        0.05       24.52
      28004 |      9,002        0.12       24.64
      28005 |      3,719        0.05       24.69
      28006 |      4,760        0.06       24.75
      28007 |      5,282        0.07       24.82
      28008 |      1,853        0.02       24.84
      28009 |      3,207        0.04       24.89
      28010 |      3,618        0.05       24.94
      28011 |     18,568        0.25       25.18
      28012 |      7,325        0.10       25.28
      28013 |      4,374        0.06       25.34
      29001 |     10,180        0.14       25.48
      29002 |      5,421        0.07       25.55
      29003 |      7,423        0.10       25.65
      29005 |      7,002        0.09       25.74
      29007 |      5,393        0.07       25.81
      29008 |     10,454        0.14       25.95
      29011 |     10,424        0.14       26.09
      29013 |      5,315        0.07       26.16
      29014 |     10,159        0.14       26.30
      29015 |     13,609        0.18       26.48
      29016 |     19,406        0.26       26.74
      29017 |     12,272        0.16       26.91
      29018 |      3,570        0.05       26.95
      29019 |      7,050        0.09       27.05
      29021 |     79,339        1.06       28.11
      29026 |     18,734        0.25       28.36
      29027 |     12,497        0.17       28.53
      29028 |     23,641        0.32       28.84
      29029 |      8,635        0.12       28.96
      29030 |     11,757        0.16       29.12
      29032 |     26,371        0.35       29.47
      29901 |     20,548        0.27       29.74
      29905 |     46,919        0.63       30.37
      29907 |     54,994        0.74       31.11
      29916 |     12,559        0.17       31.27
      29917 |     62,282        0.83       32.11
      31001 |      8,648        0.12       32.22
      31002 |     12,189        0.16       32.39
      31005 |     12,195        0.16       32.55
      31006 |      8,360        0.11       32.66
      31008 |      3,643        0.05       32.71
      31009 |      4,174        0.06       32.76
      31010 |      4,961        0.07       32.83
      31011 |     11,912        0.16       32.99
      31012 |      6,580        0.09       33.08
      31013 |      2,965        0.04       33.12
      31014 |     11,211        0.15       33.27
      31015 |     13,695        0.18       33.45
      31016 |      6,779        0.09       33.54
      31017 |      8,132        0.11       33.65
      31018 |     24,356        0.33       33.98
      31019 |     11,788        0.16       34.13
      31020 |     14,019        0.19       34.32
      31021 |     11,229        0.15       34.47
      31022 |     16,908        0.23       34.70
      31023 |     11,310        0.15       34.85
      31024 |      4,733        0.06       34.91
      31025 |      8,498        0.11       35.03
      31026 |     11,633        0.16       35.18
      31027 |     22,178        0.30       35.48
      31028 |      5,816        0.08       35.56
      31029 |      6,467        0.09       35.64
      31030 |    131,688        1.76       37.40
      31031 |     18,887        0.25       37.66
      31032 |      6,373        0.09       37.74
      31033 |      6,816        0.09       37.83
      31034 |     12,058        0.16       37.99
      31035 |      9,327        0.12       38.12
      31036 |      6,165        0.08       38.20
      31037 |     20,614        0.28       38.48
      31038 |      3,999        0.05       38.53
      31039 |     20,789        0.28       38.81
      31040 |     15,825        0.21       39.02
      31041 |      8,917        0.12       39.14
      31042 |      6,322        0.08       39.22
      31043 |     24,897        0.33       39.56
      31044 |      8,083        0.11       39.66
      31045 |      7,315        0.10       39.76
      31046 |      9,343        0.12       39.89
      31047 |     16,140        0.22       40.10
      31048 |     17,474        0.23       40.34
      31049 |     13,514        0.18       40.52
      31050 |     23,695        0.32       40.83
      31051 |     18,506        0.25       41.08
      31052 |     21,208        0.28       41.37
      31053 |     11,041        0.15       41.51
      31054 |     14,970        0.20       41.71
      31055 |      8,066        0.11       41.82
      31056 |     11,825        0.16       41.98
      31057 |      8,544        0.11       42.09
      31058 |     12,706        0.17       42.26
      31059 |     10,981        0.15       42.41
      31060 |     12,394        0.17       42.58
      31061 |     20,725        0.28       42.85
      31062 |     16,454        0.22       43.07
      31063 |     16,453        0.22       43.29
      31064 |     17,016        0.23       43.52
      31065 |     27,190        0.36       43.88
      31066 |     11,944        0.16       44.04
      31901 |     52,644        0.70       44.75
      32001 |      3,973        0.05       44.80
      32003 |     10,756        0.14       44.94
      32004 |      3,542        0.05       44.99
      32005 |      6,900        0.09       45.08
      32007 |      8,153        0.11       45.19
      32008 |      7,087        0.09       45.29
      32009 |     59,352        0.79       46.08
      32010 |      9,551        0.13       46.21
      32011 |      9,123        0.12       46.33
      32012 |     16,457        0.22       46.55
      32013 |      2,748        0.04       46.59
      32901 |     22,192        0.30       46.89
      33002 |      5,863        0.08       46.96
      33004 |     10,522        0.14       47.10
      33005 |      6,675        0.09       47.19
      33007 |     11,489        0.15       47.35
      33009 |      6,100        0.08       47.43
      33010 |     18,737        0.25       47.68
      33011 |     26,766        0.36       48.04
      33012 |      6,513        0.09       48.12
      33013 |      7,300        0.10       48.22
      33014 |      6,285        0.08       48.31
      33015 |     18,261        0.24       48.55
      33016 |      3,824        0.05       48.60
      33017 |      7,071        0.09       48.70
      33018 |    245,630        3.28       51.98
      33901 |     28,577        0.38       52.36
      33905 |      5,901        0.08       52.44
      35001 |     12,875        0.17       52.61
      35002 |      7,565        0.10       52.72
      35003 |      9,259        0.12       52.84
      35004 |     42,934        0.57       53.41
      35005 |     15,549        0.21       53.62
      35006 |      5,148        0.07       53.69
      35007 |      6,115        0.08       53.77
      35008 |      5,971        0.08       53.85
      35009 |      6,982        0.09       53.95
      35010 |     10,715        0.14       54.09
      35011 |      5,327        0.07       54.16
      35012 |     21,172        0.28       54.44
      35013 |     23,343        0.31       54.76
      35014 |     33,356        0.45       55.20
      35015 |      5,932        0.08       55.28
      35016 |      9,112        0.12       55.40
      35017 |     11,711        0.16       55.56
      35018 |     18,618        0.25       55.81
      35019 |      8,839        0.12       55.93
      35020 |     29,377        0.39       56.32
      35021 |     18,253        0.24       56.56
      35022 |     10,127        0.14       56.70
      35023 |     10,372        0.14       56.84
      35024 |     25,429        0.34       57.18
      35025 |     14,290        0.19       57.37
      35026 |     11,951        0.16       57.53
      35027 |     25,400        0.34       57.87
      35028 |     25,935        0.35       58.21
      35029 |      7,274        0.10       58.31
      35030 |     20,783        0.28       58.59
      35033 |     11,146        0.15       58.74
      35034 |      8,358        0.11       58.85
      35035 |      9,976        0.13       58.98
      35036 |     30,320        0.41       59.39
      35037 |      6,066        0.08       59.47
      35038 |     16,970        0.23       59.70
      35039 |     14,271        0.19       59.89
      35040 |     17,514        0.23       60.12
      35041 |     12,044        0.16       60.28
      35042 |      8,298        0.11       60.39
      35043 |     12,162        0.16       60.56
      35044 |      7,233        0.10       60.65
      35045 |      8,002        0.11       60.76
      35046 |     43,552        0.58       61.34
      35047 |     26,344        0.35       61.70
      35048 |     24,688        0.33       62.03
      35049 |      4,162        0.06       62.08
      35050 |     44,233        0.59       62.67
      35051 |     16,471        0.22       62.89
      35052 |      2,486        0.03       62.93
      35053 |      5,133        0.07       63.00
      35054 |     11,401        0.15       63.15
      35055 |     11,830        0.16       63.31
      35056 |      8,207        0.11       63.42
      35057 |     52,118        0.70       64.11
      35058 |     16,538        0.22       64.33
      35059 |     27,536        0.37       64.70
      35060 |     37,696        0.50       65.21
      35061 |    295,294        3.95       69.16
      35062 |     47,402        0.63       69.79
      35063 |     52,849        0.71       70.50
      35901 |    102,656        1.37       71.87
      41001 |     22,194        0.30       72.17
      41002 |     19,756        0.26       72.43
      41003 |     10,929        0.15       72.58
      41006 |     15,835        0.21       72.79
      41007 |      6,993        0.09       72.88
      41008 |      4,542        0.06       72.94
      41009 |     23,937        0.32       73.26
      41010 |     15,979        0.21       73.48
      41011 |     22,303        0.30       73.77
      41012 |      4,898        0.07       73.84
      41014 |      5,732        0.08       73.92
      41015 |     11,767        0.16       74.07
      41016 |      5,850        0.08       74.15
      41017 |      6,287        0.08       74.24
      41018 |      9,541        0.13       74.36
      41019 |      6,812        0.09       74.45
      41020 |      3,266        0.04       74.50
      41021 |     16,815        0.22       74.72
      41027 |     11,176        0.15       74.87
      41029 |     20,632        0.28       75.15
      41030 |      5,631        0.08       75.22
      41031 |      8,307        0.11       75.33
      41032 |      5,987        0.08       75.41
      41033 |      8,148        0.11       75.52
      41034 |      3,857        0.05       75.58
      41035 |      2,390        0.03       75.61
      41036 |      2,319        0.03       75.64
      41037 |     93,987        1.26       76.90
      41038 |     11,725        0.16       77.05
      41039 |      6,058        0.08       77.13
      41901 |     41,333        0.55       77.69
      41917 |     72,517        0.97       78.66
      41918 |     29,050        0.39       79.04
      42001 |     18,902        0.25       79.30
      42002 |     34,410        0.46       79.76
      42003 |     12,159        0.16       79.92
      42005 |     14,511        0.19       80.11
      42007 |      6,012        0.08       80.19
      42008 |     42,916        0.57       80.77
      42010 |     16,295        0.22       80.99
      42011 |     21,496        0.29       81.27
      42012 |     37,949        0.51       81.78
      42013 |     28,949        0.39       82.17
      42014 |      5,976        0.08       82.25
      42015 |      6,600        0.09       82.34
      42016 |     41,896        0.56       82.90
      42017 |      3,174        0.04       82.94
      42018 |     23,650        0.32       83.26
      42019 |     20,619        0.28       83.53
      42020 |     15,490        0.21       83.74
      42901 |     47,612        0.64       84.37
      43035 |      9,206        0.12       84.50
      43901 |    582,407        7.79       92.29
      43902 |     16,197        0.22       92.50
      50001 |      5,341        0.07       92.57
      50008 |      5,091        0.07       92.64
      50901 |     10,013        0.13       92.78
      50902 |     84,958        1.14       93.91
      51015 |      2,570        0.03       93.95
      51022 |      2,567        0.03       93.98
      51901 |    135,836        1.82       95.80
      52001 |      5,417        0.07       95.87
      52002 |      8,068        0.11       95.98
      52003 |      4,587        0.06       96.04
      52004 |     12,494        0.17       96.21
      52005 |      4,826        0.06       96.27
      52008 |      4,793        0.06       96.34
      52009 |      9,525        0.13       96.46
      52010 |     54,083        0.72       97.19
      52011 |      6,554        0.09       97.27
      52012 |     40,061        0.54       97.81
      52013 |     23,415        0.31       98.12
      52014 |      9,591        0.13       98.25
      52015 |     20,006        0.27       98.52
      52016 |      7,536        0.10       98.62
      52017 |      8,835        0.12       98.74
      52018 |      8,267        0.11       98.85
      52901 |     44,046        0.59       99.44
      53001 |     42,118        0.56      100.00
------------+-----------------------------------
      Total |  7,477,731      100.00
(note: j = 2010)

Data                               long   ->   wide
-----------------------------------------------------------------------------
Number of obs.                      412   ->     412
Number of variables                   6   ->       5
j variable (1 values)              year   ->   (dropped)
xij variables:
                                    all   ->   all2010
                                formemp   ->   formemp2010
                                 se_all   ->   se_all2010
                             se_formemp   ->   se_formemp2010
-----------------------------------------------------------------------------
(note: file employment_2010.dta not found)
file employment_2010.dta saved

. 
. *********************************************
. * Calculate changes in employment and associated standard errors
. 
. * merge all employment files
. use employment_1970, clear

. foreach yr in 1980 1991 2000 2010 {
  2.         merge 1:1 mmc1970 using employment_`yr'
  3.         drop _merge // all perfect match
  4. }

    Result                           # of obs.
    -----------------------------------------
    not matched                             0
    matched                               412  (_merge==3)
    -----------------------------------------

    Result                           # of obs.
    -----------------------------------------
    not matched                             0
    matched                               412  (_merge==3)
    -----------------------------------------

    Result                           # of obs.
    -----------------------------------------
    not matched                             0
    matched                               412  (_merge==3)
    -----------------------------------------

    Result                           # of obs.
    -----------------------------------------
    not matched                             0
    matched                               412  (_merge==3)
    -----------------------------------------

. 
. * calculate log employment
. foreach yr in 1970 1980 1991 2000 2010 {
  2.         gen ln_all`yr' = ln(all`yr')
  3. }

. foreach yr in 1980 1991 {
  2.         gen ln_prev_formemp`yr' = ln(prev_formemp`yr')
  3. }

. foreach yr in 1991 2000 2010 {
  2.         gen ln_formemp`yr' = ln(formemp`yr')
  3. }

. 
. 
. *********
. * calculate changes and associated standard errors
. 
. * 1970-1980
. gen dln_emp_all_70_80 = ln_all1980 - ln_all1970

. gen dln_empse_all_70_80 = sqrt( (1/all1980)^2 * se_all1980^2 + (1/all1970)^2 * se_all1970^2 )

. 
. * 1980-1991
. gen dln_emp_all_80_91 = ln_all1991 - ln_all1980

. gen dln_empse_all_80_91 = sqrt( (1/all1991)^2 * se_all1991^2 + (1/all1980)^2 * se_all1980^2 )

. gen dln_emp_prev_formemp_80_91 = ln_prev_formemp1991 - ln_prev_formemp1980

. gen dln_empse_prev_formemp_80_91 = sqrt( (1/prev_formemp1991)^2 * se_prev_formemp1991^2 + (1/pr
> ev_formemp1980)^2 * se_prev_formemp1980^2 )

. 
. * 1991-2000
. gen dln_emp_all_91_00 = ln_all2000 - ln_all1991

. gen dln_empse_all_91_00 = sqrt( (1/all2000)^2 * se_all2000^2 + (1/all1991)^2 * se_all1991^2 )

. gen dln_emp_formemp_91_00 = ln_formemp2000 - ln_formemp1991

. gen dln_empse_formemp_91_00 = sqrt( (1/formemp2000)^2 * se_formemp2000^2 + (1/formemp1991)^2 * 
> se_formemp1991^2 )

. 
. * 1991-2010
. gen dln_emp_all_91_10 = ln_all2010 - ln_all1991

. gen dln_empse_all_91_10 = sqrt( (1/all2010)^2 * se_all2010^2 + (1/all1991)^2 * se_all1991^2 )

. gen dln_emp_formemp_91_10 = ln_formemp2010 - ln_formemp1991

. gen dln_empse_formemp_91_10 = sqrt( (1/formemp2010)^2 * se_formemp2010^2 + (1/formemp1991)^2 * 
> se_formemp1991^2 )

. 
. *********
. * output results
. 
. sort mmc1970

. keep mmc1970 dln* ln_*

. save ../Data/dln_employment, replace
file ../Data/dln_employment.dta saved

. 
. *********
. * clean up intermediate files
. 
. foreach yr in 1970 1980 1991 2000 2010 {
  2.         erase employment_`yr'.dta
  3. }

. 
. 
. log close
      name:  <unnamed>
       log:  /Users/briankovak/Dropbox/DixCarneiroKovakRodriguez/ReplicationFiles/Codes_Census/dl
> n_employment.txt
  log type:  text
 closed on:   3 May 2017, 12:27:36
-------------------------------------------------------------------------------------------------
